-- Found ament_cmake: 2.5.4 (/opt/ros/jazzy/share/ament_cmake/cmake)
-- Found angles: 1.16.1 (/opt/ros/jazzy/share/angles/cmake)
-- Found controller_manager: 4.39.2 (/opt/ros/jazzy/share/controller_manager/cmake)
-- Found rosidl_generator_c: 4.6.6 (/opt/ros/jazzy/share/rosidl_generator_c/cmake)
-- Found rosidl_generator_cpp: 4.6.6 (/opt/ros/jazzy/share/rosidl_generator_cpp/cmake)
-- Using all available rosidl_typesupport_c: rosidl_typesupport_fastrtps_c;rosidl_typesupport_introspection_c
-- Using all available rosidl_typesupport_cpp: rosidl_typesupport_fastrtps_cpp;rosidl_typesupport_introspection_cpp
-- Found rmw_implementation_cmake: 7.3.2 (/opt/ros/jazzy/share/rmw_implementation_cmake/cmake)
-- Found rmw_cyclonedds_cpp: 2.2.3 (/opt/ros/jazzy/share/rmw_cyclonedds_cpp/cmake)
-- Using RMW implementation 'rmw_cyclonedds_cpp' as default
-- Found TinyXML2 via Config file: /usr/lib/x86_64-linux-gnu/cmake/tinyxml2
-- Found control_toolbox: 4.9.0 (/opt/ros/jazzy/share/control_toolbox/cmake)
-- Found eigen3_cmake_module: 0.3.0 (/opt/ros/jazzy/share/eigen3_cmake_module/cmake)
-- Ensuring Eigen3 include directory is part of orocos-kdl CMake target
[31mCMake Error at CMakeLists.txt:8 (find_package):
  By not providing "Findgazebo_dev.cmake" in CMAKE_MODULE_PATH this project
  has asked CMake to find a package configuration file provided by
  "gazebo_dev", but CMake did not find one.

  Could not find a package configuration file provided by "gazebo_dev" with
  any of the following names:

    gazebo_devConfig.cmake
    gazebo_dev-config.cmake

  Add the installation prefix of "gazebo_dev" to CMAKE_PREFIX_PATH or set
  "gazebo_dev_DIR" to a directory containing one of the above files.  If
  "gazebo_dev" provides a separate development package or SDK, be sure it has
  been installed.

[0m
-- Configuring incomplete, errors occurred!
