[0.017s] Invoking command in '/home/vitor/my_bot_ws/my_bot_ws/build/my_bot': CMAKE_PREFIX_PATH=${CMAKE_PREFIX_PATH}:/home/vitor/ISR/perception/ros2ws/install/chatrex_ros2_interface:/home/vitor/ISR/perception/ros2ws/install/chatrex_package:/opt/ros/jazzy DEBUGINFOD_URLS=https://debuginfod.ubuntu.com /usr/bin/cmake --build /home/vitor/my_bot_ws/my_bot_ws/build/my_bot -- -j16 -l16
[0.174s] [100%] Built target encoder_to_odom
[0.175s] Invoked command in '/home/vitor/my_bot_ws/my_bot_ws/build/my_bot' returned '0': CMAKE_PREFIX_PATH=${CMAKE_PREFIX_PATH}:/home/vitor/ISR/perception/ros2ws/install/chatrex_ros2_interface:/home/vitor/ISR/perception/ros2ws/install/chatrex_package:/opt/ros/jazzy DEBUGINFOD_URLS=https://debuginfod.ubuntu.com /usr/bin/cmake --build /home/vitor/my_bot_ws/my_bot_ws/build/my_bot -- -j16 -l16
[0.184s] Invoking command in '/home/vitor/my_bot_ws/my_bot_ws/build/my_bot': CMAKE_PREFIX_PATH=${CMAKE_PREFIX_PATH}:/home/vitor/ISR/perception/ros2ws/install/chatrex_ros2_interface:/home/vitor/ISR/perception/ros2ws/install/chatrex_package:/opt/ros/jazzy DEBUGINFOD_URLS=https://debuginfod.ubuntu.com /usr/bin/cmake --install /home/vitor/my_bot_ws/my_bot_ws/build/my_bot
[0.193s] -- Install configuration: ""
[0.193s] -- Up-to-date: /home/vitor/my_bot_ws/my_bot_ws/install/my_bot/share/my_bot/config
[0.193s] -- Up-to-date: /home/vitor/my_bot_ws/my_bot_ws/install/my_bot/share/my_bot/config/mapper_params_online_async.yaml
[0.193s] -- Up-to-date: /home/vitor/my_bot_ws/my_bot_ws/install/my_bot/share/my_bot/config/my_bot_urdf.rviz
[0.193s] -- Up-to-date: /home/vitor/my_bot_ws/my_bot_ws/install/my_bot/share/my_bot/config/my_controllers.yaml
[0.193s] -- Up-to-date: /home/vitor/my_bot_ws/my_bot_ws/install/my_bot/share/my_bot/config/ukf.yaml
[0.193s] -- Up-to-date: /home/vitor/my_bot_ws/my_bot_ws/install/my_bot/share/my_bot/config/empty.yaml
[0.193s] -- Up-to-date: /home/vitor/my_bot_ws/my_bot_ws/install/my_bot/share/my_bot/config/ekf.yaml
[0.194s] -- Up-to-date: /home/vitor/my_bot_ws/my_bot_ws/install/my_bot/share/my_bot/description
[0.194s] -- Up-to-date: /home/vitor/my_bot_ws/my_bot_ws/install/my_bot/share/my_bot/description/imu.xacro
[0.194s] -- Up-to-date: /home/vitor/my_bot_ws/my_bot_ws/install/my_bot/share/my_bot/description/camera.xacro
[0.194s] -- Up-to-date: /home/vitor/my_bot_ws/my_bot_ws/install/my_bot/share/my_bot/description/robot_description.urdf.xacro
[0.194s] -- Up-to-date: /home/vitor/my_bot_ws/my_bot_ws/install/my_bot/share/my_bot/description/robot.urdf.xacro
[0.194s] -- Up-to-date: /home/vitor/my_bot_ws/my_bot_ws/install/my_bot/share/my_bot/description/robot_core.xacro
[0.194s] -- Up-to-date: /home/vitor/my_bot_ws/my_bot_ws/install/my_bot/share/my_bot/description/inertial_macros.xacro
[0.194s] -- Up-to-date: /home/vitor/my_bot_ws/my_bot_ws/install/my_bot/share/my_bot/description/sonar.xacro
[0.194s] -- Up-to-date: /home/vitor/my_bot_ws/my_bot_ws/install/my_bot/share/my_bot/description/lidar.xacro
[0.194s] -- Up-to-date: /home/vitor/my_bot_ws/my_bot_ws/install/my_bot/share/my_bot/description/ros2_control.xacro
[0.195s] -- Up-to-date: /home/vitor/my_bot_ws/my_bot_ws/install/my_bot/share/my_bot/launch
[0.195s] -- Up-to-date: /home/vitor/my_bot_ws/my_bot_ws/install/my_bot/share/my_bot/launch/ukf.launch.py
[0.195s] -- Up-to-date: /home/vitor/my_bot_ws/my_bot_ws/install/my_bot/share/my_bot/launch/rsp.launch.py
[0.196s] -- Up-to-date: /home/vitor/my_bot_ws/my_bot_ws/install/my_bot/share/my_bot/launch/display.launch.py
[0.196s] -- Up-to-date: /home/vitor/my_bot_ws/my_bot_ws/install/my_bot/share/my_bot/launch/localization.launch.py
[0.196s] -- Up-to-date: /home/vitor/my_bot_ws/my_bot_ws/install/my_bot/share/my_bot/meshes
[0.196s] -- Up-to-date: /home/vitor/my_bot_ws/my_bot_ws/install/my_bot/share/my_bot/meshes/box_unit.stl
[0.196s] -- Up-to-date: /home/vitor/my_bot_ws/my_bot_ws/install/my_bot/share/my_bot/meshes/cylinder_unit.stl
[0.196s] -- Up-to-date: /home/vitor/my_bot_ws/my_bot_ws/install/my_bot/share/my_bot/worlds
[0.196s] -- Up-to-date: /home/vitor/my_bot_ws/my_bot_ws/install/my_bot/share/my_bot/worlds/empty.world
[0.196s] -- Installing: /home/vitor/my_bot_ws/my_bot_ws/install/my_bot/share/my_bot/package.dsv
[0.198s] -- Up-to-date: /home/vitor/my_bot_ws/my_bot_ws/install/my_bot/share/my_bot/package.xml
[0.199s] Invoked command in '/home/vitor/my_bot_ws/my_bot_ws/build/my_bot' returned '0': CMAKE_PREFIX_PATH=${CMAKE_PREFIX_PATH}:/home/vitor/ISR/perception/ros2ws/install/chatrex_ros2_interface:/home/vitor/ISR/perception/ros2ws/install/chatrex_package:/opt/ros/jazzy DEBUGINFOD_URLS=https://debuginfod.ubuntu.com /usr/bin/cmake --install /home/vitor/my_bot_ws/my_bot_ws/build/my_bot
