[0.020s] Invoking command in '/home/vitor/my_bot_ws/my_bot_ws/build/my_bot': CMAKE_PREFIX_PATH=${CMAKE_PREFIX_PATH}:/home/vitor/ISR/perception/ros2ws/install/chatrex_ros2_interface:/home/vitor/ISR/perception/ros2ws/install/chatrex_package:/opt/ros/jazzy DEBUGINFOD_URLS=https://debuginfod.ubuntu.com /usr/bin/cmake /home/vitor/my_bot_ws/my_bot_ws/src -DCMAKE_INSTALL_PREFIX=/home/vitor/my_bot_ws/my_bot_ws/install/my_bot
[0.090s] -- Found ament_cmake: 2.5.4 (/opt/ros/jazzy/share/ament_cmake/cmake)
[0.599s] -- Override CMake install command with custom implementation using symlinks instead of copying resources
[0.643s] -- Found rclcpp: 28.1.13 (/opt/ros/jazzy/share/rclcpp/cmake)
[1.095s] -- Found rosidl_generator_c: 4.6.6 (/opt/ros/jazzy/share/rosidl_generator_c/cmake)
[1.122s] -- Found rosidl_generator_cpp: 4.6.6 (/opt/ros/jazzy/share/rosidl_generator_cpp/cmake)
[1.157s] -- Using all available rosidl_typesupport_c: rosidl_typesupport_fastrtps_c;rosidl_typesupport_introspection_c
[1.211s] -- Using all available rosidl_typesupport_cpp: rosidl_typesupport_fastrtps_cpp;rosidl_typesupport_introspection_cpp
[1.432s] -- Found rmw_implementation_cmake: 7.3.2 (/opt/ros/jazzy/share/rmw_implementation_cmake/cmake)
[1.437s] -- Found rmw_cyclonedds_cpp: 2.2.3 (/opt/ros/jazzy/share/rmw_cyclonedds_cpp/cmake)
[1.500s] -- Using RMW implementation 'rmw_cyclonedds_cpp' as default
[1.598s] -- Found std_msgs: 5.3.6 (/opt/ros/jazzy/share/std_msgs/cmake)
[1.618s] -- Found nav_msgs: 5.3.6 (/opt/ros/jazzy/share/nav_msgs/cmake)
[1.692s] -- Found tf2_ros: 0.36.16 (/opt/ros/jazzy/share/tf2_ros/cmake)
[1.900s] -- Found ament_lint_auto: 0.17.3 (/opt/ros/jazzy/share/ament_lint_auto/cmake)
[2.096s] -- Added test 'copyright' to check source files copyright and LICENSE
[2.119s] -- Added test 'cppcheck' to perform static code analysis on C / C++ code
[2.119s] -- Configured cppcheck include dirs: 
[2.120s] -- Configured cppcheck exclude dirs and/or files: 
[2.174s] -- Added test 'cpplint' to check C / C++ code against the Google style
[2.174s] -- Configured cpplint exclude dirs and/or files: 
[2.194s] -- Added test 'flake8' to check Python code syntax and style conventions
[2.195s] -- Configured 'flake8' exclude dirs and/or files: 
[2.208s] -- Added test 'lint_cmake' to check CMake code style
[2.216s] -- Added test 'pep257' to check Python code against some of the docstring style conventions in PEP 257
[2.246s] -- Added test 'uncrustify' to check C / C++ code style
[2.247s] -- Configured uncrustify additional arguments: 
[2.251s] -- Added test 'xmllint' to check XML markup files
[2.256s] -- Configuring done (2.2s)
[2.289s] -- Generating done (0.0s)
[2.298s] -- Build files have been written to: /home/vitor/my_bot_ws/my_bot_ws/build/my_bot
[2.333s] Invoked command in '/home/vitor/my_bot_ws/my_bot_ws/build/my_bot' returned '0': CMAKE_PREFIX_PATH=${CMAKE_PREFIX_PATH}:/home/vitor/ISR/perception/ros2ws/install/chatrex_ros2_interface:/home/vitor/ISR/perception/ros2ws/install/chatrex_package:/opt/ros/jazzy DEBUGINFOD_URLS=https://debuginfod.ubuntu.com /usr/bin/cmake /home/vitor/my_bot_ws/my_bot_ws/src -DCMAKE_INSTALL_PREFIX=/home/vitor/my_bot_ws/my_bot_ws/install/my_bot
[2.336s] Invoking command in '/home/vitor/my_bot_ws/my_bot_ws/build/my_bot': CMAKE_PREFIX_PATH=${CMAKE_PREFIX_PATH}:/home/vitor/ISR/perception/ros2ws/install/chatrex_ros2_interface:/home/vitor/ISR/perception/ros2ws/install/chatrex_package:/opt/ros/jazzy DEBUGINFOD_URLS=https://debuginfod.ubuntu.com /usr/bin/cmake --build /home/vitor/my_bot_ws/my_bot_ws/build/my_bot -- -j16 -l16
[2.514s] [ 50%] [32mBuilding CXX object CMakeFiles/encoder_to_odom.dir/encoder_to_odom.cpp.o[0m
[13.753s] [100%] [32m[1mLinking CXX executable encoder_to_odom[0m
[14.265s] [100%] Built target encoder_to_odom
[14.287s] Invoked command in '/home/vitor/my_bot_ws/my_bot_ws/build/my_bot' returned '0': CMAKE_PREFIX_PATH=${CMAKE_PREFIX_PATH}:/home/vitor/ISR/perception/ros2ws/install/chatrex_ros2_interface:/home/vitor/ISR/perception/ros2ws/install/chatrex_package:/opt/ros/jazzy DEBUGINFOD_URLS=https://debuginfod.ubuntu.com /usr/bin/cmake --build /home/vitor/my_bot_ws/my_bot_ws/build/my_bot -- -j16 -l16
[14.306s] Invoking command in '/home/vitor/my_bot_ws/my_bot_ws/build/my_bot': CMAKE_PREFIX_PATH=${CMAKE_PREFIX_PATH}:/home/vitor/ISR/perception/ros2ws/install/chatrex_ros2_interface:/home/vitor/ISR/perception/ros2ws/install/chatrex_package:/opt/ros/jazzy DEBUGINFOD_URLS=https://debuginfod.ubuntu.com /usr/bin/cmake --install /home/vitor/my_bot_ws/my_bot_ws/build/my_bot
[14.323s] -- Install configuration: ""
[14.324s] -- Execute custom install script
[14.324s] -- Up-to-date symlink: /home/vitor/my_bot_ws/my_bot_ws/install/my_bot/lib/my_bot/encoder_to_odom
[14.325s] -- Up-to-date symlink: /home/vitor/my_bot_ws/my_bot_ws/install/my_bot/share/my_bot/config/empty.yaml
[14.325s] -- Up-to-date symlink: /home/vitor/my_bot_ws/my_bot_ws/install/my_bot/share/my_bot/config/mapper_params_online_async.yaml
[14.325s] -- Up-to-date symlink: /home/vitor/my_bot_ws/my_bot_ws/install/my_bot/share/my_bot/config/my_bot_urdf.rviz
[14.325s] -- Up-to-date symlink: /home/vitor/my_bot_ws/my_bot_ws/install/my_bot/share/my_bot/config/my_controllers.yaml
[14.326s] -- Up-to-date symlink: /home/vitor/my_bot_ws/my_bot_ws/install/my_bot/share/my_bot/description/camera.xacro
[14.326s] -- Up-to-date symlink: /home/vitor/my_bot_ws/my_bot_ws/install/my_bot/share/my_bot/description/imu.xacro
[14.326s] -- Up-to-date symlink: /home/vitor/my_bot_ws/my_bot_ws/install/my_bot/share/my_bot/description/inertial_macros.xacro
[14.326s] -- Up-to-date symlink: /home/vitor/my_bot_ws/my_bot_ws/install/my_bot/share/my_bot/description/lidar.xacro
[14.326s] -- Up-to-date symlink: /home/vitor/my_bot_ws/my_bot_ws/install/my_bot/share/my_bot/description/robot.urdf.xacro
[14.327s] -- Up-to-date symlink: /home/vitor/my_bot_ws/my_bot_ws/install/my_bot/share/my_bot/description/robot_core.xacro
[14.327s] -- Up-to-date symlink: /home/vitor/my_bot_ws/my_bot_ws/install/my_bot/share/my_bot/description/robot_description.urdf.xacro
[14.327s] -- Up-to-date symlink: /home/vitor/my_bot_ws/my_bot_ws/install/my_bot/share/my_bot/description/ros2_control.xacro
[14.327s] -- Up-to-date symlink: /home/vitor/my_bot_ws/my_bot_ws/install/my_bot/share/my_bot/description/sonar.xacro
[14.328s] -- Up-to-date symlink: /home/vitor/my_bot_ws/my_bot_ws/install/my_bot/share/my_bot/launch/display.launch.py
[14.328s] -- Up-to-date symlink: /home/vitor/my_bot_ws/my_bot_ws/install/my_bot/share/my_bot/launch/ekf.yaml
[14.328s] -- Up-to-date symlink: /home/vitor/my_bot_ws/my_bot_ws/install/my_bot/share/my_bot/launch/localization.launch.py
[14.328s] -- Up-to-date symlink: /home/vitor/my_bot_ws/my_bot_ws/install/my_bot/share/my_bot/launch/rsp.launch.py
[14.328s] -- Up-to-date symlink: /home/vitor/my_bot_ws/my_bot_ws/install/my_bot/share/my_bot/launch/ukf.launch.py
[14.328s] -- Up-to-date symlink: /home/vitor/my_bot_ws/my_bot_ws/install/my_bot/share/my_bot/launch/ukf.yaml
[14.329s] -- Up-to-date symlink: /home/vitor/my_bot_ws/my_bot_ws/install/my_bot/share/my_bot/worlds/empty.world
[14.329s] -- Up-to-date symlink: /home/vitor/my_bot_ws/my_bot_ws/install/my_bot/share/ament_index/resource_index/package_run_dependencies/my_bot
[14.329s] -- Up-to-date symlink: /home/vitor/my_bot_ws/my_bot_ws/install/my_bot/share/ament_index/resource_index/parent_prefix_path/my_bot
[14.329s] -- Up-to-date symlink: /home/vitor/my_bot_ws/my_bot_ws/install/my_bot/share/my_bot/environment/ament_prefix_path.sh
[14.330s] -- Up-to-date symlink: /home/vitor/my_bot_ws/my_bot_ws/install/my_bot/share/my_bot/environment/ament_prefix_path.dsv
[14.330s] -- Up-to-date symlink: /home/vitor/my_bot_ws/my_bot_ws/install/my_bot/share/my_bot/environment/path.sh
[14.330s] -- Up-to-date symlink: /home/vitor/my_bot_ws/my_bot_ws/install/my_bot/share/my_bot/environment/path.dsv
[14.330s] -- Up-to-date symlink: /home/vitor/my_bot_ws/my_bot_ws/install/my_bot/share/my_bot/local_setup.bash
[14.330s] -- Up-to-date symlink: /home/vitor/my_bot_ws/my_bot_ws/install/my_bot/share/my_bot/local_setup.sh
[14.331s] -- Up-to-date symlink: /home/vitor/my_bot_ws/my_bot_ws/install/my_bot/share/my_bot/local_setup.zsh
[14.331s] -- Up-to-date symlink: /home/vitor/my_bot_ws/my_bot_ws/install/my_bot/share/my_bot/local_setup.dsv
[14.331s] -- Symlinking: /home/vitor/my_bot_ws/my_bot_ws/install/my_bot/share/my_bot/package.dsv
[14.347s] -- Up-to-date symlink: /home/vitor/my_bot_ws/my_bot_ws/install/my_bot/share/ament_index/resource_index/packages/my_bot
[14.347s] -- Up-to-date symlink: /home/vitor/my_bot_ws/my_bot_ws/install/my_bot/share/my_bot/cmake/my_botConfig.cmake
[14.347s] -- Up-to-date symlink: /home/vitor/my_bot_ws/my_bot_ws/install/my_bot/share/my_bot/cmake/my_botConfig-version.cmake
[14.347s] -- Up-to-date symlink: /home/vitor/my_bot_ws/my_bot_ws/install/my_bot/share/my_bot/package.xml
[14.350s] Invoked command in '/home/vitor/my_bot_ws/my_bot_ws/build/my_bot' returned '0': CMAKE_PREFIX_PATH=${CMAKE_PREFIX_PATH}:/home/vitor/ISR/perception/ros2ws/install/chatrex_ros2_interface:/home/vitor/ISR/perception/ros2ws/install/chatrex_package:/opt/ros/jazzy DEBUGINFOD_URLS=https://debuginfod.ubuntu.com /usr/bin/cmake --install /home/vitor/my_bot_ws/my_bot_ws/build/my_bot
