[0.075s] DEBUG:colcon:Command line arguments: ['/usr/bin/colcon', 'build', '--packages-select', 'my_bot']
[0.076s] DEBUG:colcon:Parsed command line arguments: Namespace(log_base=None, log_level=None, verb_name='build', build_base='build', install_base='install', merge_install=False, symlink_install=False, test_result_base=None, continue_on_error=False, executor='parallel', parallel_workers=16, event_handlers=None, ignore_user_meta=False, metas=['./colcon.meta'], base_paths=['.'], packages_ignore=None, packages_ignore_regex=None, paths=None, packages_up_to=None, packages_up_to_regex=None, packages_above=None, packages_above_and_dependencies=None, packages_above_depth=None, packages_select_by_dep=None, packages_skip_by_dep=None, packages_skip_up_to=None, packages_select_build_failed=False, packages_skip_build_finished=False, packages_select_test_failures=False, packages_skip_test_passed=False, packages_select=['my_bot'], packages_skip=None, packages_select_regex=None, packages_skip_regex=None, packages_start=None, packages_end=None, allow_overriding=[], cmake_args=None, cmake_target=None, cmake_target_skip_unavailable=False, cmake_clean_cache=False, cmake_clean_first=False, cmake_force_configure=False, ament_cmake_args=None, catkin_cmake_args=None, catkin_skip_building_tests=False, mixin_files=None, mixin=None, verb_parser=<colcon_mixin.mixin.mixin_argument.MixinArgumentDecorator object at 0x71a4845a2cf0>, verb_extension=<colcon_core.verb.build.BuildVerb object at 0x71a4845a2690>, main=<bound method BuildVerb.main of <colcon_core.verb.build.BuildVerb object at 0x71a4845a2690>>, mixin_verb=('build',))
[0.107s] Level 1:colcon.colcon_core.package_discovery:discover_packages(colcon_meta) check parameters
[0.107s] Level 1:colcon.colcon_core.package_discovery:discover_packages(recursive) check parameters
[0.107s] Level 1:colcon.colcon_core.package_discovery:discover_packages(ignore) check parameters
[0.107s] Level 1:colcon.colcon_core.package_discovery:discover_packages(path) check parameters
[0.107s] Level 1:colcon.colcon_core.package_discovery:discover_packages(colcon_meta) discover
[0.107s] Level 1:colcon.colcon_core.package_discovery:discover_packages(recursive) discover
[0.107s] INFO:colcon.colcon_core.package_discovery:Crawling recursively for packages in '/home/vitor/my_bot_ws/my_bot_ws'
[0.107s] Level 1:colcon.colcon_core.package_identification:_identify(.) by extensions ['ignore', 'ignore_ament_install']
[0.107s] Level 1:colcon.colcon_core.package_identification:_identify(.) by extension 'ignore'
[0.107s] Level 1:colcon.colcon_core.package_identification:_identify(.) by extension 'ignore_ament_install'
[0.107s] Level 1:colcon.colcon_core.package_identification:_identify(.) by extensions ['colcon_pkg']
[0.107s] Level 1:colcon.colcon_core.package_identification:_identify(.) by extension 'colcon_pkg'
[0.107s] Level 1:colcon.colcon_core.package_identification:_identify(.) by extensions ['colcon_meta']
[0.107s] Level 1:colcon.colcon_core.package_identification:_identify(.) by extension 'colcon_meta'
[0.107s] Level 1:colcon.colcon_core.package_identification:_identify(.) by extensions ['ros']
[0.107s] Level 1:colcon.colcon_core.package_identification:_identify(.) by extension 'ros'
[0.131s] Level 1:colcon.colcon_core.package_identification:_identify(.) by extensions ['cmake', 'python']
[0.131s] Level 1:colcon.colcon_core.package_identification:_identify(.) by extension 'cmake'
[0.131s] Level 1:colcon.colcon_core.package_identification:_identify(.) by extension 'python'
[0.131s] Level 1:colcon.colcon_core.package_identification:_identify(.) by extensions ['python_setup_py']
[0.131s] Level 1:colcon.colcon_core.package_identification:_identify(.) by extension 'python_setup_py'
[0.131s] Level 1:colcon.colcon_core.package_identification:_identify(arduino_code) by extensions ['ignore', 'ignore_ament_install']
[0.131s] Level 1:colcon.colcon_core.package_identification:_identify(arduino_code) by extension 'ignore'
[0.131s] Level 1:colcon.colcon_core.package_identification:_identify(arduino_code) by extension 'ignore_ament_install'
[0.131s] Level 1:colcon.colcon_core.package_identification:_identify(arduino_code) by extensions ['colcon_pkg']
[0.131s] Level 1:colcon.colcon_core.package_identification:_identify(arduino_code) by extension 'colcon_pkg'
[0.131s] Level 1:colcon.colcon_core.package_identification:_identify(arduino_code) by extensions ['colcon_meta']
[0.132s] Level 1:colcon.colcon_core.package_identification:_identify(arduino_code) by extension 'colcon_meta'
[0.132s] Level 1:colcon.colcon_core.package_identification:_identify(arduino_code) by extensions ['ros']
[0.132s] Level 1:colcon.colcon_core.package_identification:_identify(arduino_code) by extension 'ros'
[0.132s] Level 1:colcon.colcon_core.package_identification:_identify(arduino_code) by extensions ['cmake', 'python']
[0.132s] Level 1:colcon.colcon_core.package_identification:_identify(arduino_code) by extension 'cmake'
[0.132s] Level 1:colcon.colcon_core.package_identification:_identify(arduino_code) by extension 'python'
[0.132s] Level 1:colcon.colcon_core.package_identification:_identify(arduino_code) by extensions ['python_setup_py']
[0.132s] Level 1:colcon.colcon_core.package_identification:_identify(arduino_code) by extension 'python_setup_py'
[0.132s] Level 1:colcon.colcon_core.package_identification:_identify(arduino_code/RobotFIFirmware) by extensions ['ignore', 'ignore_ament_install']
[0.132s] Level 1:colcon.colcon_core.package_identification:_identify(arduino_code/RobotFIFirmware) by extension 'ignore'
[0.132s] Level 1:colcon.colcon_core.package_identification:_identify(arduino_code/RobotFIFirmware) by extension 'ignore_ament_install'
[0.132s] Level 1:colcon.colcon_core.package_identification:_identify(arduino_code/RobotFIFirmware) by extensions ['colcon_pkg']
[0.132s] Level 1:colcon.colcon_core.package_identification:_identify(arduino_code/RobotFIFirmware) by extension 'colcon_pkg'
[0.132s] Level 1:colcon.colcon_core.package_identification:_identify(arduino_code/RobotFIFirmware) by extensions ['colcon_meta']
[0.132s] Level 1:colcon.colcon_core.package_identification:_identify(arduino_code/RobotFIFirmware) by extension 'colcon_meta'
[0.132s] Level 1:colcon.colcon_core.package_identification:_identify(arduino_code/RobotFIFirmware) by extensions ['ros']
[0.132s] Level 1:colcon.colcon_core.package_identification:_identify(arduino_code/RobotFIFirmware) by extension 'ros'
[0.132s] Level 1:colcon.colcon_core.package_identification:_identify(arduino_code/RobotFIFirmware) by extensions ['cmake', 'python']
[0.132s] Level 1:colcon.colcon_core.package_identification:_identify(arduino_code/RobotFIFirmware) by extension 'cmake'
[0.132s] Level 1:colcon.colcon_core.package_identification:_identify(arduino_code/RobotFIFirmware) by extension 'python'
[0.132s] Level 1:colcon.colcon_core.package_identification:_identify(arduino_code/RobotFIFirmware) by extensions ['python_setup_py']
[0.132s] Level 1:colcon.colcon_core.package_identification:_identify(arduino_code/RobotFIFirmware) by extension 'python_setup_py'
[0.132s] Level 1:colcon.colcon_core.package_identification:_identify(build) by extensions ['ignore', 'ignore_ament_install']
[0.132s] Level 1:colcon.colcon_core.package_identification:_identify(build) by extension 'ignore'
[0.132s] Level 1:colcon.colcon_core.package_identification:_identify(build) ignored
[0.132s] Level 1:colcon.colcon_core.package_identification:_identify(install) by extensions ['ignore', 'ignore_ament_install']
[0.132s] Level 1:colcon.colcon_core.package_identification:_identify(install) by extension 'ignore'
[0.132s] Level 1:colcon.colcon_core.package_identification:_identify(install) ignored
[0.133s] Level 1:colcon.colcon_core.package_identification:_identify(log) by extensions ['ignore', 'ignore_ament_install']
[0.133s] Level 1:colcon.colcon_core.package_identification:_identify(log) by extension 'ignore'
[0.133s] Level 1:colcon.colcon_core.package_identification:_identify(log) ignored
[0.133s] Level 1:colcon.colcon_core.package_identification:_identify(src) by extensions ['ignore', 'ignore_ament_install']
[0.133s] Level 1:colcon.colcon_core.package_identification:_identify(src) by extension 'ignore'
[0.133s] Level 1:colcon.colcon_core.package_identification:_identify(src) by extension 'ignore_ament_install'
[0.133s] Level 1:colcon.colcon_core.package_identification:_identify(src) by extensions ['colcon_pkg']
[0.133s] Level 1:colcon.colcon_core.package_identification:_identify(src) by extension 'colcon_pkg'
[0.133s] Level 1:colcon.colcon_core.package_identification:_identify(src) by extensions ['colcon_meta']
[0.133s] Level 1:colcon.colcon_core.package_identification:_identify(src) by extension 'colcon_meta'
[0.133s] Level 1:colcon.colcon_core.package_identification:_identify(src) by extensions ['ros']
[0.133s] Level 1:colcon.colcon_core.package_identification:_identify(src) by extension 'ros'
[0.133s] Level 1:colcon.colcon_core.package_identification:_identify(src) by extensions ['cmake', 'python']
[0.133s] Level 1:colcon.colcon_core.package_identification:_identify(src) by extension 'cmake'
[0.133s] Level 1:colcon.colcon_core.package_identification:_identify(src) by extension 'python'
[0.133s] Level 1:colcon.colcon_core.package_identification:_identify(src) by extensions ['python_setup_py']
[0.133s] Level 1:colcon.colcon_core.package_identification:_identify(src) by extension 'python_setup_py'
[0.133s] Level 1:colcon.colcon_core.package_identification:_identify(src/imu_publisher) by extensions ['ignore', 'ignore_ament_install']
[0.133s] Level 1:colcon.colcon_core.package_identification:_identify(src/imu_publisher) by extension 'ignore'
[0.133s] Level 1:colcon.colcon_core.package_identification:_identify(src/imu_publisher) by extension 'ignore_ament_install'
[0.133s] Level 1:colcon.colcon_core.package_identification:_identify(src/imu_publisher) by extensions ['colcon_pkg']
[0.133s] Level 1:colcon.colcon_core.package_identification:_identify(src/imu_publisher) by extension 'colcon_pkg'
[0.133s] Level 1:colcon.colcon_core.package_identification:_identify(src/imu_publisher) by extensions ['colcon_meta']
[0.133s] Level 1:colcon.colcon_core.package_identification:_identify(src/imu_publisher) by extension 'colcon_meta'
[0.133s] Level 1:colcon.colcon_core.package_identification:_identify(src/imu_publisher) by extensions ['ros']
[0.133s] Level 1:colcon.colcon_core.package_identification:_identify(src/imu_publisher) by extension 'ros'
[0.135s] DEBUG:colcon.colcon_core.package_identification:Package 'src/imu_publisher' with type 'ros.ament_python' and name 'imu_publisher'
[0.136s] Level 1:colcon.colcon_core.package_identification:_identify(src/localization) by extensions ['ignore', 'ignore_ament_install']
[0.136s] Level 1:colcon.colcon_core.package_identification:_identify(src/localization) by extension 'ignore'
[0.136s] Level 1:colcon.colcon_core.package_identification:_identify(src/localization) by extension 'ignore_ament_install'
[0.136s] Level 1:colcon.colcon_core.package_identification:_identify(src/localization) by extensions ['colcon_pkg']
[0.136s] Level 1:colcon.colcon_core.package_identification:_identify(src/localization) by extension 'colcon_pkg'
[0.136s] Level 1:colcon.colcon_core.package_identification:_identify(src/localization) by extensions ['colcon_meta']
[0.136s] Level 1:colcon.colcon_core.package_identification:_identify(src/localization) by extension 'colcon_meta'
[0.136s] Level 1:colcon.colcon_core.package_identification:_identify(src/localization) by extensions ['ros']
[0.136s] Level 1:colcon.colcon_core.package_identification:_identify(src/localization) by extension 'ros'
[0.136s] Level 1:colcon.colcon_core.package_identification:_identify(src/localization) by extensions ['cmake', 'python']
[0.136s] Level 1:colcon.colcon_core.package_identification:_identify(src/localization) by extension 'cmake'
[0.136s] Level 1:colcon.colcon_core.package_identification:_identify(src/localization) by extension 'python'
[0.136s] Level 1:colcon.colcon_core.package_identification:_identify(src/localization) by extensions ['python_setup_py']
[0.136s] Level 1:colcon.colcon_core.package_identification:_identify(src/localization) by extension 'python_setup_py'
[0.136s] Level 1:colcon.colcon_core.package_identification:_identify(src/localization/yahboom_rosmaster_localization) by extensions ['ignore', 'ignore_ament_install']
[0.136s] Level 1:colcon.colcon_core.package_identification:_identify(src/localization/yahboom_rosmaster_localization) by extension 'ignore'
[0.136s] Level 1:colcon.colcon_core.package_identification:_identify(src/localization/yahboom_rosmaster_localization) by extension 'ignore_ament_install'
[0.136s] Level 1:colcon.colcon_core.package_identification:_identify(src/localization/yahboom_rosmaster_localization) by extensions ['colcon_pkg']
[0.136s] Level 1:colcon.colcon_core.package_identification:_identify(src/localization/yahboom_rosmaster_localization) by extension 'colcon_pkg'
[0.136s] Level 1:colcon.colcon_core.package_identification:_identify(src/localization/yahboom_rosmaster_localization) by extensions ['colcon_meta']
[0.136s] Level 1:colcon.colcon_core.package_identification:_identify(src/localization/yahboom_rosmaster_localization) by extension 'colcon_meta'
[0.136s] Level 1:colcon.colcon_core.package_identification:_identify(src/localization/yahboom_rosmaster_localization) by extensions ['ros']
[0.136s] Level 1:colcon.colcon_core.package_identification:_identify(src/localization/yahboom_rosmaster_localization) by extension 'ros'
[0.137s] DEBUG:colcon.colcon_core.package_identification:Package 'src/localization/yahboom_rosmaster_localization' with type 'ros.ament_cmake' and name 'yahboom_rosmaster_localization'
[0.137s] Level 1:colcon.colcon_core.package_identification:_identify(src/my_bot) by extensions ['ignore', 'ignore_ament_install']
[0.137s] Level 1:colcon.colcon_core.package_identification:_identify(src/my_bot) by extension 'ignore'
[0.137s] Level 1:colcon.colcon_core.package_identification:_identify(src/my_bot) by extension 'ignore_ament_install'
[0.137s] Level 1:colcon.colcon_core.package_identification:_identify(src/my_bot) by extensions ['colcon_pkg']
[0.137s] Level 1:colcon.colcon_core.package_identification:_identify(src/my_bot) by extension 'colcon_pkg'
[0.137s] Level 1:colcon.colcon_core.package_identification:_identify(src/my_bot) by extensions ['colcon_meta']
[0.137s] Level 1:colcon.colcon_core.package_identification:_identify(src/my_bot) by extension 'colcon_meta'
[0.137s] Level 1:colcon.colcon_core.package_identification:_identify(src/my_bot) by extensions ['ros']
[0.137s] Level 1:colcon.colcon_core.package_identification:_identify(src/my_bot) by extension 'ros'
[0.137s] DEBUG:colcon.colcon_core.package_identification:Package 'src/my_bot' with type 'ros.ament_cmake' and name 'my_bot'
[0.138s] Level 1:colcon.colcon_core.package_identification:_identify(src/my_bot_gz) by extensions ['ignore', 'ignore_ament_install']
[0.138s] Level 1:colcon.colcon_core.package_identification:_identify(src/my_bot_gz) by extension 'ignore'
[0.138s] Level 1:colcon.colcon_core.package_identification:_identify(src/my_bot_gz) by extension 'ignore_ament_install'
[0.138s] Level 1:colcon.colcon_core.package_identification:_identify(src/my_bot_gz) by extensions ['colcon_pkg']
[0.138s] Level 1:colcon.colcon_core.package_identification:_identify(src/my_bot_gz) by extension 'colcon_pkg'
[0.138s] Level 1:colcon.colcon_core.package_identification:_identify(src/my_bot_gz) by extensions ['colcon_meta']
[0.138s] Level 1:colcon.colcon_core.package_identification:_identify(src/my_bot_gz) by extension 'colcon_meta'
[0.138s] Level 1:colcon.colcon_core.package_identification:_identify(src/my_bot_gz) by extensions ['ros']
[0.138s] Level 1:colcon.colcon_core.package_identification:_identify(src/my_bot_gz) by extension 'ros'
[0.138s] DEBUG:colcon.colcon_core.package_identification:Package 'src/my_bot_gz' with type 'ros.ament_python' and name 'my_bot_gz'
[0.138s] Level 1:colcon.colcon_core.package_discovery:discover_packages(recursive) using defaults
[0.138s] Level 1:colcon.colcon_core.package_discovery:discover_packages(ignore) discover
[0.138s] Level 1:colcon.colcon_core.package_discovery:discover_packages(ignore) using defaults
[0.138s] Level 1:colcon.colcon_core.package_discovery:discover_packages(path) discover
[0.138s] Level 1:colcon.colcon_core.package_discovery:discover_packages(path) using defaults
[0.155s] INFO:colcon.colcon_core.package_selection:Skipping not selected package 'imu_publisher' in 'src/imu_publisher'
[0.155s] INFO:colcon.colcon_core.package_selection:Skipping not selected package 'yahboom_rosmaster_localization' in 'src/localization/yahboom_rosmaster_localization'
[0.155s] INFO:colcon.colcon_core.package_selection:Skipping not selected package 'my_bot_gz' in 'src/my_bot_gz'
[0.155s] Level 1:colcon.colcon_core.package_discovery:discover_packages(prefix_path) check parameters
[0.155s] Level 1:colcon.colcon_core.package_discovery:discover_packages(prefix_path) discover
[0.156s] DEBUG:colcon.colcon_installed_package_information.package_discovery:Found 2 installed packages in /home/vitor/ISR/perception/ros2ws/install
[0.157s] DEBUG:colcon.colcon_installed_package_information.package_discovery:Found 6 installed packages in /home/vitor/my_bot_ws/my_bot_ws/install
[0.157s] DEBUG:colcon.colcon_installed_package_information.package_discovery:Found 4 installed packages in /home/vitor/mros_ws/install
[0.158s] DEBUG:colcon.colcon_installed_package_information.package_discovery:Found 394 installed packages in /opt/ros/jazzy
[0.160s] Level 1:colcon.colcon_core.package_discovery:discover_packages(prefix_path) using defaults
[0.191s] WARNING:colcon.colcon_core.package_selection:Some selected packages are already built in one or more underlay workspaces:
	'my_bot' is in: /home/vitor/my_bot_ws/my_bot_ws/install/my_bot
If a package in a merged underlay workspace is overridden and it installs headers, then all packages in the overlay must sort their include directories by workspace order. Failure to do so may result in build failures or undefined behavior at run time.
If the overridden package is used by another package in any underlay, then the overriding package in the overlay must be API and ABI compatible or undefined behavior at run time may occur.

If you understand the risks and want to override a package anyways, add the following to the command line:
	--allow-overriding my_bot

This may be promoted to an error in a future release of colcon-override-check.
[0.192s] Level 5:colcon.colcon_core.verb:set package 'my_bot' build argument 'cmake_args' from command line to 'None'
[0.193s] Level 5:colcon.colcon_core.verb:set package 'my_bot' build argument 'cmake_target' from command line to 'None'
[0.193s] Level 5:colcon.colcon_core.verb:set package 'my_bot' build argument 'cmake_target_skip_unavailable' from command line to 'False'
[0.193s] Level 5:colcon.colcon_core.verb:set package 'my_bot' build argument 'cmake_clean_cache' from command line to 'False'
[0.193s] Level 5:colcon.colcon_core.verb:set package 'my_bot' build argument 'cmake_clean_first' from command line to 'False'
[0.193s] Level 5:colcon.colcon_core.verb:set package 'my_bot' build argument 'cmake_force_configure' from command line to 'False'
[0.193s] Level 5:colcon.colcon_core.verb:set package 'my_bot' build argument 'ament_cmake_args' from command line to 'None'
[0.193s] Level 5:colcon.colcon_core.verb:set package 'my_bot' build argument 'catkin_cmake_args' from command line to 'None'
[0.193s] Level 5:colcon.colcon_core.verb:set package 'my_bot' build argument 'catkin_skip_building_tests' from command line to 'False'
[0.193s] DEBUG:colcon.colcon_core.verb:Building package 'my_bot' with the following arguments: {'ament_cmake_args': None, 'build_base': '/home/vitor/my_bot_ws/my_bot_ws/build/my_bot', 'catkin_cmake_args': None, 'catkin_skip_building_tests': False, 'cmake_args': None, 'cmake_clean_cache': False, 'cmake_clean_first': False, 'cmake_force_configure': False, 'cmake_target': None, 'cmake_target_skip_unavailable': False, 'install_base': '/home/vitor/my_bot_ws/my_bot_ws/install/my_bot', 'merge_install': False, 'path': '/home/vitor/my_bot_ws/my_bot_ws/src/my_bot', 'symlink_install': False, 'test_result_base': None}
[0.193s] INFO:colcon.colcon_core.executor:Executing jobs using 'parallel' executor
[0.194s] DEBUG:colcon.colcon_parallel_executor.executor.parallel:run_until_complete
[0.194s] INFO:colcon.colcon_ros.task.ament_cmake.build:Building ROS package in '/home/vitor/my_bot_ws/my_bot_ws/src/my_bot' with build type 'ament_cmake'
[0.194s] INFO:colcon.colcon_cmake.task.cmake.build:Building CMake package in '/home/vitor/my_bot_ws/my_bot_ws/src/my_bot'
[0.195s] INFO:colcon.colcon_core.plugin_system:Skipping extension 'colcon_core.shell.bat': Not used on non-Windows systems
[0.196s] INFO:colcon.colcon_core.shell:Skip shell extension 'powershell' for command environment: Not usable outside of PowerShell
[0.196s] DEBUG:colcon.colcon_core.shell:Skip shell extension 'dsv' for command environment
[0.204s] DEBUG:colcon.colcon_core.event_handler.log_command:Invoking command in '/home/vitor/my_bot_ws/my_bot_ws/build/my_bot': CMAKE_PREFIX_PATH=${CMAKE_PREFIX_PATH}:/home/vitor/ISR/perception/ros2ws/install/chatrex_ros2_interface:/home/vitor/ISR/perception/ros2ws/install/chatrex_package:/opt/ros/jazzy DEBUGINFOD_URLS=https://debuginfod.ubuntu.com /usr/bin/cmake --build /home/vitor/my_bot_ws/my_bot_ws/build/my_bot -- -j16 -l16
[7.185s] DEBUG:colcon.colcon_core.event_handler.log_command:Invoked command in '/home/vitor/my_bot_ws/my_bot_ws/build/my_bot' returned '0': CMAKE_PREFIX_PATH=${CMAKE_PREFIX_PATH}:/home/vitor/ISR/perception/ros2ws/install/chatrex_ros2_interface:/home/vitor/ISR/perception/ros2ws/install/chatrex_package:/opt/ros/jazzy DEBUGINFOD_URLS=https://debuginfod.ubuntu.com /usr/bin/cmake --build /home/vitor/my_bot_ws/my_bot_ws/build/my_bot -- -j16 -l16
[7.196s] DEBUG:colcon.colcon_core.event_handler.log_command:Invoking command in '/home/vitor/my_bot_ws/my_bot_ws/build/my_bot': CMAKE_PREFIX_PATH=${CMAKE_PREFIX_PATH}:/home/vitor/ISR/perception/ros2ws/install/chatrex_ros2_interface:/home/vitor/ISR/perception/ros2ws/install/chatrex_package:/opt/ros/jazzy DEBUGINFOD_URLS=https://debuginfod.ubuntu.com /usr/bin/cmake --install /home/vitor/my_bot_ws/my_bot_ws/build/my_bot
[7.207s] Level 1:colcon.colcon_core.environment:create_environment_scripts_only(my_bot)
[7.208s] DEBUG:colcon.colcon_core.event_handler.log_command:Invoked command in '/home/vitor/my_bot_ws/my_bot_ws/build/my_bot' returned '0': CMAKE_PREFIX_PATH=${CMAKE_PREFIX_PATH}:/home/vitor/ISR/perception/ros2ws/install/chatrex_ros2_interface:/home/vitor/ISR/perception/ros2ws/install/chatrex_package:/opt/ros/jazzy DEBUGINFOD_URLS=https://debuginfod.ubuntu.com /usr/bin/cmake --install /home/vitor/my_bot_ws/my_bot_ws/build/my_bot
[7.209s] Level 1:colcon.colcon_core.environment:checking '/home/vitor/my_bot_ws/my_bot_ws/install/my_bot' for CMake module files
[7.209s] Level 1:colcon.colcon_core.environment:checking '/home/vitor/my_bot_ws/my_bot_ws/install/my_bot' for CMake config files
[7.210s] Level 1:colcon.colcon_core.shell:create_environment_hook('my_bot', 'cmake_prefix_path')
[7.210s] INFO:colcon.colcon_core.shell:Creating environment hook '/home/vitor/my_bot_ws/my_bot_ws/install/my_bot/share/my_bot/hook/cmake_prefix_path.ps1'
[7.210s] INFO:colcon.colcon_core.shell:Creating environment descriptor '/home/vitor/my_bot_ws/my_bot_ws/install/my_bot/share/my_bot/hook/cmake_prefix_path.dsv'
[7.210s] INFO:colcon.colcon_core.shell:Creating environment hook '/home/vitor/my_bot_ws/my_bot_ws/install/my_bot/share/my_bot/hook/cmake_prefix_path.sh'
[7.211s] Level 1:colcon.colcon_core.environment:checking '/home/vitor/my_bot_ws/my_bot_ws/install/my_bot/lib'
[7.211s] Level 1:colcon.colcon_core.environment:checking '/home/vitor/my_bot_ws/my_bot_ws/install/my_bot/bin'
[7.211s] Level 1:colcon.colcon_core.environment:checking '/home/vitor/my_bot_ws/my_bot_ws/install/my_bot/lib/pkgconfig/my_bot.pc'
[7.211s] Level 1:colcon.colcon_core.environment:checking '/home/vitor/my_bot_ws/my_bot_ws/install/my_bot/lib/python3.12/site-packages'
[7.212s] Level 1:colcon.colcon_core.environment:checking '/home/vitor/my_bot_ws/my_bot_ws/install/my_bot/bin'
[7.212s] INFO:colcon.colcon_core.shell:Creating package script '/home/vitor/my_bot_ws/my_bot_ws/install/my_bot/share/my_bot/package.ps1'
[7.212s] INFO:colcon.colcon_core.shell:Creating package descriptor '/home/vitor/my_bot_ws/my_bot_ws/install/my_bot/share/my_bot/package.dsv'
[7.213s] INFO:colcon.colcon_core.shell:Creating package script '/home/vitor/my_bot_ws/my_bot_ws/install/my_bot/share/my_bot/package.sh'
[7.213s] INFO:colcon.colcon_core.shell:Creating package script '/home/vitor/my_bot_ws/my_bot_ws/install/my_bot/share/my_bot/package.bash'
[7.213s] INFO:colcon.colcon_core.shell:Creating package script '/home/vitor/my_bot_ws/my_bot_ws/install/my_bot/share/my_bot/package.zsh'
[7.214s] Level 1:colcon.colcon_core.environment:create_file_with_runtime_dependencies(/home/vitor/my_bot_ws/my_bot_ws/install/my_bot/share/colcon-core/packages/my_bot)
[7.214s] Level 1:colcon.colcon_core.environment:create_environment_scripts_only(my_bot)
[7.214s] Level 1:colcon.colcon_core.environment:checking '/home/vitor/my_bot_ws/my_bot_ws/install/my_bot' for CMake module files
[7.214s] Level 1:colcon.colcon_core.environment:checking '/home/vitor/my_bot_ws/my_bot_ws/install/my_bot' for CMake config files
[7.214s] Level 1:colcon.colcon_core.shell:create_environment_hook('my_bot', 'cmake_prefix_path')
[7.215s] INFO:colcon.colcon_core.shell:Creating environment hook '/home/vitor/my_bot_ws/my_bot_ws/install/my_bot/share/my_bot/hook/cmake_prefix_path.ps1'
[7.221s] INFO:colcon.colcon_core.shell:Creating environment descriptor '/home/vitor/my_bot_ws/my_bot_ws/install/my_bot/share/my_bot/hook/cmake_prefix_path.dsv'
[7.221s] INFO:colcon.colcon_core.shell:Creating environment hook '/home/vitor/my_bot_ws/my_bot_ws/install/my_bot/share/my_bot/hook/cmake_prefix_path.sh'
[7.221s] Level 1:colcon.colcon_core.environment:checking '/home/vitor/my_bot_ws/my_bot_ws/install/my_bot/lib'
[7.221s] Level 1:colcon.colcon_core.environment:checking '/home/vitor/my_bot_ws/my_bot_ws/install/my_bot/bin'
[7.221s] Level 1:colcon.colcon_core.environment:checking '/home/vitor/my_bot_ws/my_bot_ws/install/my_bot/lib/pkgconfig/my_bot.pc'
[7.222s] Level 1:colcon.colcon_core.environment:checking '/home/vitor/my_bot_ws/my_bot_ws/install/my_bot/lib/python3.12/site-packages'
[7.222s] Level 1:colcon.colcon_core.environment:checking '/home/vitor/my_bot_ws/my_bot_ws/install/my_bot/bin'
[7.222s] INFO:colcon.colcon_core.shell:Creating package script '/home/vitor/my_bot_ws/my_bot_ws/install/my_bot/share/my_bot/package.ps1'
[7.222s] INFO:colcon.colcon_core.shell:Creating package descriptor '/home/vitor/my_bot_ws/my_bot_ws/install/my_bot/share/my_bot/package.dsv'
[7.223s] INFO:colcon.colcon_core.shell:Creating package script '/home/vitor/my_bot_ws/my_bot_ws/install/my_bot/share/my_bot/package.sh'
[7.223s] INFO:colcon.colcon_core.shell:Creating package script '/home/vitor/my_bot_ws/my_bot_ws/install/my_bot/share/my_bot/package.bash'
[7.223s] INFO:colcon.colcon_core.shell:Creating package script '/home/vitor/my_bot_ws/my_bot_ws/install/my_bot/share/my_bot/package.zsh'
[7.223s] Level 1:colcon.colcon_core.environment:create_file_with_runtime_dependencies(/home/vitor/my_bot_ws/my_bot_ws/install/my_bot/share/colcon-core/packages/my_bot)
[7.224s] DEBUG:colcon.colcon_parallel_executor.executor.parallel:closing loop
[7.224s] DEBUG:colcon.colcon_parallel_executor.executor.parallel:loop closed
[7.224s] DEBUG:colcon.colcon_parallel_executor.executor.parallel:run_until_complete finished with '0'
[7.224s] DEBUG:colcon.colcon_core.event_reactor:joining thread
[7.230s] INFO:colcon.colcon_core.plugin_system:Skipping extension 'colcon_notification.desktop_notification.terminal_notifier': Not used on non-Darwin systems
[7.230s] INFO:colcon.colcon_core.plugin_system:Skipping extension 'colcon_notification.desktop_notification.win32': Not used on non-Windows systems
[7.230s] INFO:colcon.colcon_notification.desktop_notification:Sending desktop notification using 'notify2'
[7.230s] DEBUG:colcon.colcon_notification.desktop_notification.notify2:Failed to initialize notify2: org.freedesktop.DBus.Error.AccessDenied: Failed to connect to socket /run/user/1000/bus: Operation not permitted
[7.230s] DEBUG:colcon.colcon_core.event_reactor:joined thread
[7.230s] INFO:colcon.colcon_core.shell:Creating prefix script '/home/vitor/my_bot_ws/my_bot_ws/install/local_setup.ps1'
[7.231s] INFO:colcon.colcon_core.shell:Creating prefix util module '/home/vitor/my_bot_ws/my_bot_ws/install/_local_setup_util_ps1.py'
[7.231s] INFO:colcon.colcon_core.shell:Creating prefix chain script '/home/vitor/my_bot_ws/my_bot_ws/install/setup.ps1'
[7.232s] INFO:colcon.colcon_core.shell:Creating prefix script '/home/vitor/my_bot_ws/my_bot_ws/install/local_setup.sh'
[7.232s] INFO:colcon.colcon_core.shell:Creating prefix util module '/home/vitor/my_bot_ws/my_bot_ws/install/_local_setup_util_sh.py'
[7.233s] INFO:colcon.colcon_core.shell:Creating prefix chain script '/home/vitor/my_bot_ws/my_bot_ws/install/setup.sh'
[7.233s] INFO:colcon.colcon_core.shell:Creating prefix script '/home/vitor/my_bot_ws/my_bot_ws/install/local_setup.bash'
[7.234s] INFO:colcon.colcon_core.shell:Creating prefix chain script '/home/vitor/my_bot_ws/my_bot_ws/install/setup.bash'
[7.234s] INFO:colcon.colcon_core.shell:Creating prefix script '/home/vitor/my_bot_ws/my_bot_ws/install/local_setup.zsh'
[7.235s] INFO:colcon.colcon_core.shell:Creating prefix chain script '/home/vitor/my_bot_ws/my_bot_ws/install/setup.zsh'
