[0.093s] DEBUG:colcon:Command line arguments: ['/usr/bin/colcon', 'build', '--packages-select', 'my_bot', 'my_bot_gz', '--cmake-clean-cache']
[0.094s] DEBUG:colcon:Parsed command line arguments: Namespace(log_base=None, log_level=None, verb_name='build', build_base='build', install_base='install', merge_install=False, symlink_install=False, test_result_base=None, continue_on_error=False, executor='parallel', parallel_workers=16, event_handlers=None, ignore_user_meta=False, metas=['./colcon.meta'], base_paths=['.'], packages_ignore=None, packages_ignore_regex=None, paths=None, packages_up_to=None, packages_up_to_regex=None, packages_above=None, packages_above_and_dependencies=None, packages_above_depth=None, packages_select_by_dep=None, packages_skip_by_dep=None, packages_skip_up_to=None, packages_select_build_failed=False, packages_skip_build_finished=False, packages_select_test_failures=False, packages_skip_test_passed=False, packages_select=['my_bot', 'my_bot_gz'], packages_skip=None, packages_select_regex=None, packages_skip_regex=None, packages_start=None, packages_end=None, allow_overriding=[], cmake_args=None, cmake_target=None, cmake_target_skip_unavailable=False, cmake_clean_cache=True, cmake_clean_first=False, cmake_force_configure=False, ament_cmake_args=None, catkin_cmake_args=None, catkin_skip_building_tests=False, mixin_files=None, mixin=None, verb_parser=<colcon_mixin.mixin.mixin_argument.MixinArgumentDecorator object at 0x72ee5a9a2c60>, verb_extension=<colcon_core.verb.build.BuildVerb object at 0x72ee5a9a26c0>, main=<bound method BuildVerb.main of <colcon_core.verb.build.BuildVerb object at 0x72ee5a9a26c0>>, mixin_verb=('build',))
[0.122s] Level 1:colcon.colcon_core.package_discovery:discover_packages(colcon_meta) check parameters
[0.122s] Level 1:colcon.colcon_core.package_discovery:discover_packages(recursive) check parameters
[0.122s] Level 1:colcon.colcon_core.package_discovery:discover_packages(ignore) check parameters
[0.122s] Level 1:colcon.colcon_core.package_discovery:discover_packages(path) check parameters
[0.122s] Level 1:colcon.colcon_core.package_discovery:discover_packages(colcon_meta) discover
[0.122s] Level 1:colcon.colcon_core.package_discovery:discover_packages(recursive) discover
[0.122s] INFO:colcon.colcon_core.package_discovery:Crawling recursively for packages in '/home/vitor/my_bot_ws/my_bot_ws'
[0.122s] Level 1:colcon.colcon_core.package_identification:_identify(.) by extensions ['ignore', 'ignore_ament_install']
[0.122s] Level 1:colcon.colcon_core.package_identification:_identify(.) by extension 'ignore'
[0.122s] Level 1:colcon.colcon_core.package_identification:_identify(.) by extension 'ignore_ament_install'
[0.122s] Level 1:colcon.colcon_core.package_identification:_identify(.) by extensions ['colcon_pkg']
[0.122s] Level 1:colcon.colcon_core.package_identification:_identify(.) by extension 'colcon_pkg'
[0.122s] Level 1:colcon.colcon_core.package_identification:_identify(.) by extensions ['colcon_meta']
[0.122s] Level 1:colcon.colcon_core.package_identification:_identify(.) by extension 'colcon_meta'
[0.122s] Level 1:colcon.colcon_core.package_identification:_identify(.) by extensions ['ros']
[0.122s] Level 1:colcon.colcon_core.package_identification:_identify(.) by extension 'ros'
[0.139s] Level 1:colcon.colcon_core.package_identification:_identify(.) by extensions ['cmake', 'python']
[0.139s] Level 1:colcon.colcon_core.package_identification:_identify(.) by extension 'cmake'
[0.139s] Level 1:colcon.colcon_core.package_identification:_identify(.) by extension 'python'
[0.139s] Level 1:colcon.colcon_core.package_identification:_identify(.) by extensions ['python_setup_py']
[0.139s] Level 1:colcon.colcon_core.package_identification:_identify(.) by extension 'python_setup_py'
[0.139s] Level 1:colcon.colcon_core.package_identification:_identify(arduino_code) by extensions ['ignore', 'ignore_ament_install']
[0.139s] Level 1:colcon.colcon_core.package_identification:_identify(arduino_code) by extension 'ignore'
[0.139s] Level 1:colcon.colcon_core.package_identification:_identify(arduino_code) by extension 'ignore_ament_install'
[0.139s] Level 1:colcon.colcon_core.package_identification:_identify(arduino_code) by extensions ['colcon_pkg']
[0.139s] Level 1:colcon.colcon_core.package_identification:_identify(arduino_code) by extension 'colcon_pkg'
[0.139s] Level 1:colcon.colcon_core.package_identification:_identify(arduino_code) by extensions ['colcon_meta']
[0.139s] Level 1:colcon.colcon_core.package_identification:_identify(arduino_code) by extension 'colcon_meta'
[0.139s] Level 1:colcon.colcon_core.package_identification:_identify(arduino_code) by extensions ['ros']
[0.139s] Level 1:colcon.colcon_core.package_identification:_identify(arduino_code) by extension 'ros'
[0.139s] Level 1:colcon.colcon_core.package_identification:_identify(arduino_code) by extensions ['cmake', 'python']
[0.139s] Level 1:colcon.colcon_core.package_identification:_identify(arduino_code) by extension 'cmake'
[0.139s] Level 1:colcon.colcon_core.package_identification:_identify(arduino_code) by extension 'python'
[0.139s] Level 1:colcon.colcon_core.package_identification:_identify(arduino_code) by extensions ['python_setup_py']
[0.139s] Level 1:colcon.colcon_core.package_identification:_identify(arduino_code) by extension 'python_setup_py'
[0.139s] Level 1:colcon.colcon_core.package_identification:_identify(arduino_code/RobotFIFirmware) by extensions ['ignore', 'ignore_ament_install']
[0.140s] Level 1:colcon.colcon_core.package_identification:_identify(arduino_code/RobotFIFirmware) by extension 'ignore'
[0.140s] Level 1:colcon.colcon_core.package_identification:_identify(arduino_code/RobotFIFirmware) by extension 'ignore_ament_install'
[0.140s] Level 1:colcon.colcon_core.package_identification:_identify(arduino_code/RobotFIFirmware) by extensions ['colcon_pkg']
[0.140s] Level 1:colcon.colcon_core.package_identification:_identify(arduino_code/RobotFIFirmware) by extension 'colcon_pkg'
[0.140s] Level 1:colcon.colcon_core.package_identification:_identify(arduino_code/RobotFIFirmware) by extensions ['colcon_meta']
[0.140s] Level 1:colcon.colcon_core.package_identification:_identify(arduino_code/RobotFIFirmware) by extension 'colcon_meta'
[0.140s] Level 1:colcon.colcon_core.package_identification:_identify(arduino_code/RobotFIFirmware) by extensions ['ros']
[0.140s] Level 1:colcon.colcon_core.package_identification:_identify(arduino_code/RobotFIFirmware) by extension 'ros'
[0.140s] Level 1:colcon.colcon_core.package_identification:_identify(arduino_code/RobotFIFirmware) by extensions ['cmake', 'python']
[0.140s] Level 1:colcon.colcon_core.package_identification:_identify(arduino_code/RobotFIFirmware) by extension 'cmake'
[0.140s] Level 1:colcon.colcon_core.package_identification:_identify(arduino_code/RobotFIFirmware) by extension 'python'
[0.140s] Level 1:colcon.colcon_core.package_identification:_identify(arduino_code/RobotFIFirmware) by extensions ['python_setup_py']
[0.140s] Level 1:colcon.colcon_core.package_identification:_identify(arduino_code/RobotFIFirmware) by extension 'python_setup_py'
[0.140s] Level 1:colcon.colcon_core.package_identification:_identify(build) by extensions ['ignore', 'ignore_ament_install']
[0.140s] Level 1:colcon.colcon_core.package_identification:_identify(build) by extension 'ignore'
[0.140s] Level 1:colcon.colcon_core.package_identification:_identify(build) ignored
[0.140s] Level 1:colcon.colcon_core.package_identification:_identify(install) by extensions ['ignore', 'ignore_ament_install']
[0.140s] Level 1:colcon.colcon_core.package_identification:_identify(install) by extension 'ignore'
[0.140s] Level 1:colcon.colcon_core.package_identification:_identify(install) ignored
[0.140s] Level 1:colcon.colcon_core.package_identification:_identify(log) by extensions ['ignore', 'ignore_ament_install']
[0.140s] Level 1:colcon.colcon_core.package_identification:_identify(log) by extension 'ignore'
[0.140s] Level 1:colcon.colcon_core.package_identification:_identify(log) ignored
[0.140s] Level 1:colcon.colcon_core.package_identification:_identify(src) by extensions ['ignore', 'ignore_ament_install']
[0.140s] Level 1:colcon.colcon_core.package_identification:_identify(src) by extension 'ignore'
[0.140s] Level 1:colcon.colcon_core.package_identification:_identify(src) by extension 'ignore_ament_install'
[0.140s] Level 1:colcon.colcon_core.package_identification:_identify(src) by extensions ['colcon_pkg']
[0.140s] Level 1:colcon.colcon_core.package_identification:_identify(src) by extension 'colcon_pkg'
[0.140s] Level 1:colcon.colcon_core.package_identification:_identify(src) by extensions ['colcon_meta']
[0.140s] Level 1:colcon.colcon_core.package_identification:_identify(src) by extension 'colcon_meta'
[0.140s] Level 1:colcon.colcon_core.package_identification:_identify(src) by extensions ['ros']
[0.140s] Level 1:colcon.colcon_core.package_identification:_identify(src) by extension 'ros'
[0.140s] Level 1:colcon.colcon_core.package_identification:_identify(src) by extensions ['cmake', 'python']
[0.140s] Level 1:colcon.colcon_core.package_identification:_identify(src) by extension 'cmake'
[0.140s] Level 1:colcon.colcon_core.package_identification:_identify(src) by extension 'python'
[0.140s] Level 1:colcon.colcon_core.package_identification:_identify(src) by extensions ['python_setup_py']
[0.141s] Level 1:colcon.colcon_core.package_identification:_identify(src) by extension 'python_setup_py'
[0.141s] Level 1:colcon.colcon_core.package_identification:_identify(src/imu_publisher) by extensions ['ignore', 'ignore_ament_install']
[0.141s] Level 1:colcon.colcon_core.package_identification:_identify(src/imu_publisher) by extension 'ignore'
[0.141s] Level 1:colcon.colcon_core.package_identification:_identify(src/imu_publisher) by extension 'ignore_ament_install'
[0.141s] Level 1:colcon.colcon_core.package_identification:_identify(src/imu_publisher) by extensions ['colcon_pkg']
[0.141s] Level 1:colcon.colcon_core.package_identification:_identify(src/imu_publisher) by extension 'colcon_pkg'
[0.141s] Level 1:colcon.colcon_core.package_identification:_identify(src/imu_publisher) by extensions ['colcon_meta']
[0.141s] Level 1:colcon.colcon_core.package_identification:_identify(src/imu_publisher) by extension 'colcon_meta'
[0.141s] Level 1:colcon.colcon_core.package_identification:_identify(src/imu_publisher) by extensions ['ros']
[0.141s] Level 1:colcon.colcon_core.package_identification:_identify(src/imu_publisher) by extension 'ros'
[0.142s] DEBUG:colcon.colcon_core.package_identification:Package 'src/imu_publisher' with type 'ros.ament_python' and name 'imu_publisher'
[0.142s] Level 1:colcon.colcon_core.package_identification:_identify(src/localization) by extensions ['ignore', 'ignore_ament_install']
[0.143s] Level 1:colcon.colcon_core.package_identification:_identify(src/localization) by extension 'ignore'
[0.143s] Level 1:colcon.colcon_core.package_identification:_identify(src/localization) by extension 'ignore_ament_install'
[0.143s] Level 1:colcon.colcon_core.package_identification:_identify(src/localization) by extensions ['colcon_pkg']
[0.143s] Level 1:colcon.colcon_core.package_identification:_identify(src/localization) by extension 'colcon_pkg'
[0.143s] Level 1:colcon.colcon_core.package_identification:_identify(src/localization) by extensions ['colcon_meta']
[0.143s] Level 1:colcon.colcon_core.package_identification:_identify(src/localization) by extension 'colcon_meta'
[0.143s] Level 1:colcon.colcon_core.package_identification:_identify(src/localization) by extensions ['ros']
[0.143s] Level 1:colcon.colcon_core.package_identification:_identify(src/localization) by extension 'ros'
[0.143s] Level 1:colcon.colcon_core.package_identification:_identify(src/localization) by extensions ['cmake', 'python']
[0.143s] Level 1:colcon.colcon_core.package_identification:_identify(src/localization) by extension 'cmake'
[0.143s] Level 1:colcon.colcon_core.package_identification:_identify(src/localization) by extension 'python'
[0.143s] Level 1:colcon.colcon_core.package_identification:_identify(src/localization) by extensions ['python_setup_py']
[0.143s] Level 1:colcon.colcon_core.package_identification:_identify(src/localization) by extension 'python_setup_py'
[0.143s] Level 1:colcon.colcon_core.package_identification:_identify(src/localization/yahboom_rosmaster_localization) by extensions ['ignore', 'ignore_ament_install']
[0.143s] Level 1:colcon.colcon_core.package_identification:_identify(src/localization/yahboom_rosmaster_localization) by extension 'ignore'
[0.143s] Level 1:colcon.colcon_core.package_identification:_identify(src/localization/yahboom_rosmaster_localization) by extension 'ignore_ament_install'
[0.143s] Level 1:colcon.colcon_core.package_identification:_identify(src/localization/yahboom_rosmaster_localization) by extensions ['colcon_pkg']
[0.143s] Level 1:colcon.colcon_core.package_identification:_identify(src/localization/yahboom_rosmaster_localization) by extension 'colcon_pkg'
[0.143s] Level 1:colcon.colcon_core.package_identification:_identify(src/localization/yahboom_rosmaster_localization) by extensions ['colcon_meta']
[0.143s] Level 1:colcon.colcon_core.package_identification:_identify(src/localization/yahboom_rosmaster_localization) by extension 'colcon_meta'
[0.143s] Level 1:colcon.colcon_core.package_identification:_identify(src/localization/yahboom_rosmaster_localization) by extensions ['ros']
[0.143s] Level 1:colcon.colcon_core.package_identification:_identify(src/localization/yahboom_rosmaster_localization) by extension 'ros'
[0.143s] DEBUG:colcon.colcon_core.package_identification:Package 'src/localization/yahboom_rosmaster_localization' with type 'ros.ament_cmake' and name 'yahboom_rosmaster_localization'
[0.143s] Level 1:colcon.colcon_core.package_identification:_identify(src/my_bot) by extensions ['ignore', 'ignore_ament_install']
[0.144s] Level 1:colcon.colcon_core.package_identification:_identify(src/my_bot) by extension 'ignore'
[0.144s] Level 1:colcon.colcon_core.package_identification:_identify(src/my_bot) by extension 'ignore_ament_install'
[0.144s] Level 1:colcon.colcon_core.package_identification:_identify(src/my_bot) by extensions ['colcon_pkg']
[0.144s] Level 1:colcon.colcon_core.package_identification:_identify(src/my_bot) by extension 'colcon_pkg'
[0.144s] Level 1:colcon.colcon_core.package_identification:_identify(src/my_bot) by extensions ['colcon_meta']
[0.144s] Level 1:colcon.colcon_core.package_identification:_identify(src/my_bot) by extension 'colcon_meta'
[0.144s] Level 1:colcon.colcon_core.package_identification:_identify(src/my_bot) by extensions ['ros']
[0.144s] Level 1:colcon.colcon_core.package_identification:_identify(src/my_bot) by extension 'ros'
[0.144s] DEBUG:colcon.colcon_core.package_identification:Package 'src/my_bot' with type 'ros.ament_cmake' and name 'my_bot'
[0.144s] Level 1:colcon.colcon_core.package_identification:_identify(src/my_bot_gz) by extensions ['ignore', 'ignore_ament_install']
[0.144s] Level 1:colcon.colcon_core.package_identification:_identify(src/my_bot_gz) by extension 'ignore'
[0.144s] Level 1:colcon.colcon_core.package_identification:_identify(src/my_bot_gz) by extension 'ignore_ament_install'
[0.144s] Level 1:colcon.colcon_core.package_identification:_identify(src/my_bot_gz) by extensions ['colcon_pkg']
[0.144s] Level 1:colcon.colcon_core.package_identification:_identify(src/my_bot_gz) by extension 'colcon_pkg'
[0.144s] Level 1:colcon.colcon_core.package_identification:_identify(src/my_bot_gz) by extensions ['colcon_meta']
[0.144s] Level 1:colcon.colcon_core.package_identification:_identify(src/my_bot_gz) by extension 'colcon_meta'
[0.144s] Level 1:colcon.colcon_core.package_identification:_identify(src/my_bot_gz) by extensions ['ros']
[0.144s] Level 1:colcon.colcon_core.package_identification:_identify(src/my_bot_gz) by extension 'ros'
[0.145s] DEBUG:colcon.colcon_core.package_identification:Package 'src/my_bot_gz' with type 'ros.ament_python' and name 'my_bot_gz'
[0.145s] Level 1:colcon.colcon_core.package_discovery:discover_packages(recursive) using defaults
[0.145s] Level 1:colcon.colcon_core.package_discovery:discover_packages(ignore) discover
[0.145s] Level 1:colcon.colcon_core.package_discovery:discover_packages(ignore) using defaults
[0.145s] Level 1:colcon.colcon_core.package_discovery:discover_packages(path) discover
[0.145s] Level 1:colcon.colcon_core.package_discovery:discover_packages(path) using defaults
[0.157s] INFO:colcon.colcon_core.package_selection:Skipping not selected package 'imu_publisher' in 'src/imu_publisher'
[0.157s] INFO:colcon.colcon_core.package_selection:Skipping not selected package 'yahboom_rosmaster_localization' in 'src/localization/yahboom_rosmaster_localization'
[0.157s] Level 1:colcon.colcon_core.package_discovery:discover_packages(prefix_path) check parameters
[0.157s] Level 1:colcon.colcon_core.package_discovery:discover_packages(prefix_path) discover
[0.158s] DEBUG:colcon.colcon_installed_package_information.package_discovery:Found 2 installed packages in /home/vitor/ISR/perception/ros2ws/install
[0.158s] DEBUG:colcon.colcon_installed_package_information.package_discovery:Found 4 installed packages in /home/vitor/my_bot_ws/my_bot_ws/install
[0.159s] DEBUG:colcon.colcon_installed_package_information.package_discovery:Found 4 installed packages in /home/vitor/mros_ws/install
[0.160s] DEBUG:colcon.colcon_installed_package_information.package_discovery:Found 394 installed packages in /opt/ros/jazzy
[0.161s] Level 1:colcon.colcon_core.package_discovery:discover_packages(prefix_path) using defaults
[0.187s] Level 5:colcon.colcon_core.verb:set package 'my_bot' build argument 'cmake_args' from command line to 'None'
[0.187s] Level 5:colcon.colcon_core.verb:set package 'my_bot' build argument 'cmake_target' from command line to 'None'
[0.187s] Level 5:colcon.colcon_core.verb:set package 'my_bot' build argument 'cmake_target_skip_unavailable' from command line to 'False'
[0.187s] Level 5:colcon.colcon_core.verb:set package 'my_bot' build argument 'cmake_clean_cache' from command line to 'True'
[0.187s] Level 5:colcon.colcon_core.verb:set package 'my_bot' build argument 'cmake_clean_first' from command line to 'False'
[0.187s] Level 5:colcon.colcon_core.verb:set package 'my_bot' build argument 'cmake_force_configure' from command line to 'False'
[0.187s] Level 5:colcon.colcon_core.verb:set package 'my_bot' build argument 'ament_cmake_args' from command line to 'None'
[0.187s] Level 5:colcon.colcon_core.verb:set package 'my_bot' build argument 'catkin_cmake_args' from command line to 'None'
[0.187s] Level 5:colcon.colcon_core.verb:set package 'my_bot' build argument 'catkin_skip_building_tests' from command line to 'False'
[0.187s] DEBUG:colcon.colcon_core.verb:Building package 'my_bot' with the following arguments: {'ament_cmake_args': None, 'build_base': '/home/vitor/my_bot_ws/my_bot_ws/build/my_bot', 'catkin_cmake_args': None, 'catkin_skip_building_tests': False, 'cmake_args': None, 'cmake_clean_cache': True, 'cmake_clean_first': False, 'cmake_force_configure': False, 'cmake_target': None, 'cmake_target_skip_unavailable': False, 'install_base': '/home/vitor/my_bot_ws/my_bot_ws/install/my_bot', 'merge_install': False, 'path': '/home/vitor/my_bot_ws/my_bot_ws/src/my_bot', 'symlink_install': False, 'test_result_base': None}
[0.187s] Level 5:colcon.colcon_core.verb:set package 'my_bot_gz' build argument 'cmake_args' from command line to 'None'
[0.187s] Level 5:colcon.colcon_core.verb:set package 'my_bot_gz' build argument 'cmake_target' from command line to 'None'
[0.187s] Level 5:colcon.colcon_core.verb:set package 'my_bot_gz' build argument 'cmake_target_skip_unavailable' from command line to 'False'
[0.187s] Level 5:colcon.colcon_core.verb:set package 'my_bot_gz' build argument 'cmake_clean_cache' from command line to 'True'
[0.187s] Level 5:colcon.colcon_core.verb:set package 'my_bot_gz' build argument 'cmake_clean_first' from command line to 'False'
[0.187s] Level 5:colcon.colcon_core.verb:set package 'my_bot_gz' build argument 'cmake_force_configure' from command line to 'False'
[0.187s] Level 5:colcon.colcon_core.verb:set package 'my_bot_gz' build argument 'ament_cmake_args' from command line to 'None'
[0.187s] Level 5:colcon.colcon_core.verb:set package 'my_bot_gz' build argument 'catkin_cmake_args' from command line to 'None'
[0.187s] Level 5:colcon.colcon_core.verb:set package 'my_bot_gz' build argument 'catkin_skip_building_tests' from command line to 'False'
[0.187s] DEBUG:colcon.colcon_core.verb:Building package 'my_bot_gz' with the following arguments: {'ament_cmake_args': None, 'build_base': '/home/vitor/my_bot_ws/my_bot_ws/build/my_bot_gz', 'catkin_cmake_args': None, 'catkin_skip_building_tests': False, 'cmake_args': None, 'cmake_clean_cache': True, 'cmake_clean_first': False, 'cmake_force_configure': False, 'cmake_target': None, 'cmake_target_skip_unavailable': False, 'install_base': '/home/vitor/my_bot_ws/my_bot_ws/install/my_bot_gz', 'merge_install': False, 'path': '/home/vitor/my_bot_ws/my_bot_ws/src/my_bot_gz', 'symlink_install': False, 'test_result_base': None}
[0.187s] INFO:colcon.colcon_core.executor:Executing jobs using 'parallel' executor
[0.188s] DEBUG:colcon.colcon_parallel_executor.executor.parallel:run_until_complete
[0.188s] INFO:colcon.colcon_ros.task.ament_cmake.build:Building ROS package in '/home/vitor/my_bot_ws/my_bot_ws/src/my_bot' with build type 'ament_cmake'
[0.188s] INFO:colcon.colcon_cmake.task.cmake.build:Building CMake package in '/home/vitor/my_bot_ws/my_bot_ws/src/my_bot'
[0.190s] INFO:colcon.colcon_core.plugin_system:Skipping extension 'colcon_core.shell.bat': Not used on non-Windows systems
[0.190s] INFO:colcon.colcon_core.shell:Skip shell extension 'powershell' for command environment: Not usable outside of PowerShell
[0.190s] DEBUG:colcon.colcon_core.shell:Skip shell extension 'dsv' for command environment
[0.222s] DEBUG:colcon.colcon_core.event_handler.log_command:Invoking command in '/home/vitor/my_bot_ws/my_bot_ws/build/my_bot': CMAKE_PREFIX_PATH=${CMAKE_PREFIX_PATH}:/home/vitor/ISR/perception/ros2ws/install/chatrex_ros2_interface:/home/vitor/ISR/perception/ros2ws/install/chatrex_package:/opt/ros/jazzy DEBUGINFOD_URLS=https://debuginfod.ubuntu.com /usr/bin/cmake /home/vitor/my_bot_ws/my_bot_ws/src/my_bot -DCMAKE_INSTALL_PREFIX=/home/vitor/my_bot_ws/my_bot_ws/install/my_bot
[1.436s] DEBUG:colcon.colcon_core.event_handler.log_command:Invoked command in '/home/vitor/my_bot_ws/my_bot_ws/build/my_bot' returned '0': CMAKE_PREFIX_PATH=${CMAKE_PREFIX_PATH}:/home/vitor/ISR/perception/ros2ws/install/chatrex_ros2_interface:/home/vitor/ISR/perception/ros2ws/install/chatrex_package:/opt/ros/jazzy DEBUGINFOD_URLS=https://debuginfod.ubuntu.com /usr/bin/cmake /home/vitor/my_bot_ws/my_bot_ws/src/my_bot -DCMAKE_INSTALL_PREFIX=/home/vitor/my_bot_ws/my_bot_ws/install/my_bot
[1.438s] DEBUG:colcon.colcon_core.event_handler.log_command:Invoking command in '/home/vitor/my_bot_ws/my_bot_ws/build/my_bot': CMAKE_PREFIX_PATH=${CMAKE_PREFIX_PATH}:/home/vitor/ISR/perception/ros2ws/install/chatrex_ros2_interface:/home/vitor/ISR/perception/ros2ws/install/chatrex_package:/opt/ros/jazzy DEBUGINFOD_URLS=https://debuginfod.ubuntu.com /usr/bin/cmake --build /home/vitor/my_bot_ws/my_bot_ws/build/my_bot -- -j16 -l16
[7.415s] DEBUG:colcon.colcon_core.event_handler.log_command:Invoked command in '/home/vitor/my_bot_ws/my_bot_ws/build/my_bot' returned '0': CMAKE_PREFIX_PATH=${CMAKE_PREFIX_PATH}:/home/vitor/ISR/perception/ros2ws/install/chatrex_ros2_interface:/home/vitor/ISR/perception/ros2ws/install/chatrex_package:/opt/ros/jazzy DEBUGINFOD_URLS=https://debuginfod.ubuntu.com /usr/bin/cmake --build /home/vitor/my_bot_ws/my_bot_ws/build/my_bot -- -j16 -l16
[7.422s] DEBUG:colcon.colcon_core.event_handler.log_command:Invoking command in '/home/vitor/my_bot_ws/my_bot_ws/build/my_bot': CMAKE_PREFIX_PATH=${CMAKE_PREFIX_PATH}:/home/vitor/ISR/perception/ros2ws/install/chatrex_ros2_interface:/home/vitor/ISR/perception/ros2ws/install/chatrex_package:/opt/ros/jazzy DEBUGINFOD_URLS=https://debuginfod.ubuntu.com /usr/bin/cmake --install /home/vitor/my_bot_ws/my_bot_ws/build/my_bot
[7.434s] Level 1:colcon.colcon_core.environment:create_environment_scripts_only(my_bot)
[7.434s] DEBUG:colcon.colcon_core.event_handler.log_command:Invoked command in '/home/vitor/my_bot_ws/my_bot_ws/build/my_bot' returned '0': CMAKE_PREFIX_PATH=${CMAKE_PREFIX_PATH}:/home/vitor/ISR/perception/ros2ws/install/chatrex_ros2_interface:/home/vitor/ISR/perception/ros2ws/install/chatrex_package:/opt/ros/jazzy DEBUGINFOD_URLS=https://debuginfod.ubuntu.com /usr/bin/cmake --install /home/vitor/my_bot_ws/my_bot_ws/build/my_bot
[7.436s] Level 1:colcon.colcon_core.environment:checking '/home/vitor/my_bot_ws/my_bot_ws/install/my_bot' for CMake module files
[7.436s] Level 1:colcon.colcon_core.environment:checking '/home/vitor/my_bot_ws/my_bot_ws/install/my_bot' for CMake config files
[7.436s] Level 1:colcon.colcon_core.shell:create_environment_hook('my_bot', 'cmake_prefix_path')
[7.436s] INFO:colcon.colcon_core.shell:Creating environment hook '/home/vitor/my_bot_ws/my_bot_ws/install/my_bot/share/my_bot/hook/cmake_prefix_path.ps1'
[7.437s] INFO:colcon.colcon_core.shell:Creating environment descriptor '/home/vitor/my_bot_ws/my_bot_ws/install/my_bot/share/my_bot/hook/cmake_prefix_path.dsv'
[7.437s] INFO:colcon.colcon_core.shell:Creating environment hook '/home/vitor/my_bot_ws/my_bot_ws/install/my_bot/share/my_bot/hook/cmake_prefix_path.sh'
[7.437s] Level 1:colcon.colcon_core.environment:checking '/home/vitor/my_bot_ws/my_bot_ws/install/my_bot/lib'
[7.437s] Level 1:colcon.colcon_core.environment:checking '/home/vitor/my_bot_ws/my_bot_ws/install/my_bot/bin'
[7.438s] Level 1:colcon.colcon_core.environment:checking '/home/vitor/my_bot_ws/my_bot_ws/install/my_bot/lib/pkgconfig/my_bot.pc'
[7.438s] Level 1:colcon.colcon_core.environment:checking '/home/vitor/my_bot_ws/my_bot_ws/install/my_bot/lib/python3.12/site-packages'
[7.438s] Level 1:colcon.colcon_core.environment:checking '/home/vitor/my_bot_ws/my_bot_ws/install/my_bot/bin'
[7.438s] INFO:colcon.colcon_core.shell:Creating package script '/home/vitor/my_bot_ws/my_bot_ws/install/my_bot/share/my_bot/package.ps1'
[7.439s] INFO:colcon.colcon_core.shell:Creating package descriptor '/home/vitor/my_bot_ws/my_bot_ws/install/my_bot/share/my_bot/package.dsv'
[7.439s] INFO:colcon.colcon_core.shell:Creating package script '/home/vitor/my_bot_ws/my_bot_ws/install/my_bot/share/my_bot/package.sh'
[7.439s] INFO:colcon.colcon_core.shell:Creating package script '/home/vitor/my_bot_ws/my_bot_ws/install/my_bot/share/my_bot/package.bash'
[7.439s] INFO:colcon.colcon_core.shell:Creating package script '/home/vitor/my_bot_ws/my_bot_ws/install/my_bot/share/my_bot/package.zsh'
[7.440s] Level 1:colcon.colcon_core.environment:create_file_with_runtime_dependencies(/home/vitor/my_bot_ws/my_bot_ws/install/my_bot/share/colcon-core/packages/my_bot)
[7.440s] Level 1:colcon.colcon_core.environment:create_environment_scripts_only(my_bot)
[7.440s] Level 1:colcon.colcon_core.environment:checking '/home/vitor/my_bot_ws/my_bot_ws/install/my_bot' for CMake module files
[7.440s] Level 1:colcon.colcon_core.environment:checking '/home/vitor/my_bot_ws/my_bot_ws/install/my_bot' for CMake config files
[7.440s] Level 1:colcon.colcon_core.shell:create_environment_hook('my_bot', 'cmake_prefix_path')
[7.441s] INFO:colcon.colcon_core.shell:Creating environment hook '/home/vitor/my_bot_ws/my_bot_ws/install/my_bot/share/my_bot/hook/cmake_prefix_path.ps1'
[7.445s] INFO:colcon.colcon_core.shell:Creating environment descriptor '/home/vitor/my_bot_ws/my_bot_ws/install/my_bot/share/my_bot/hook/cmake_prefix_path.dsv'
[7.445s] INFO:colcon.colcon_core.shell:Creating environment hook '/home/vitor/my_bot_ws/my_bot_ws/install/my_bot/share/my_bot/hook/cmake_prefix_path.sh'
[7.445s] Level 1:colcon.colcon_core.environment:checking '/home/vitor/my_bot_ws/my_bot_ws/install/my_bot/lib'
[7.445s] Level 1:colcon.colcon_core.environment:checking '/home/vitor/my_bot_ws/my_bot_ws/install/my_bot/bin'
[7.446s] Level 1:colcon.colcon_core.environment:checking '/home/vitor/my_bot_ws/my_bot_ws/install/my_bot/lib/pkgconfig/my_bot.pc'
[7.446s] Level 1:colcon.colcon_core.environment:checking '/home/vitor/my_bot_ws/my_bot_ws/install/my_bot/lib/python3.12/site-packages'
[7.446s] Level 1:colcon.colcon_core.environment:checking '/home/vitor/my_bot_ws/my_bot_ws/install/my_bot/bin'
[7.446s] INFO:colcon.colcon_core.shell:Creating package script '/home/vitor/my_bot_ws/my_bot_ws/install/my_bot/share/my_bot/package.ps1'
[7.446s] INFO:colcon.colcon_core.shell:Creating package descriptor '/home/vitor/my_bot_ws/my_bot_ws/install/my_bot/share/my_bot/package.dsv'
[7.447s] INFO:colcon.colcon_core.shell:Creating package script '/home/vitor/my_bot_ws/my_bot_ws/install/my_bot/share/my_bot/package.sh'
[7.447s] INFO:colcon.colcon_core.shell:Creating package script '/home/vitor/my_bot_ws/my_bot_ws/install/my_bot/share/my_bot/package.bash'
[7.447s] INFO:colcon.colcon_core.shell:Creating package script '/home/vitor/my_bot_ws/my_bot_ws/install/my_bot/share/my_bot/package.zsh'
[7.447s] Level 1:colcon.colcon_core.environment:create_file_with_runtime_dependencies(/home/vitor/my_bot_ws/my_bot_ws/install/my_bot/share/colcon-core/packages/my_bot)
[7.447s] INFO:colcon.colcon_ros.task.ament_python.build:Building ROS package in '/home/vitor/my_bot_ws/my_bot_ws/src/my_bot_gz' with build type 'ament_python'
[7.447s] Level 1:colcon.colcon_core.shell:create_environment_hook('my_bot_gz', 'ament_prefix_path')
[7.447s] INFO:colcon.colcon_core.shell:Creating environment hook '/home/vitor/my_bot_ws/my_bot_ws/install/my_bot_gz/share/my_bot_gz/hook/ament_prefix_path.ps1'
[7.448s] INFO:colcon.colcon_core.shell:Creating environment descriptor '/home/vitor/my_bot_ws/my_bot_ws/install/my_bot_gz/share/my_bot_gz/hook/ament_prefix_path.dsv'
[7.448s] INFO:colcon.colcon_core.shell:Creating environment hook '/home/vitor/my_bot_ws/my_bot_ws/install/my_bot_gz/share/my_bot_gz/hook/ament_prefix_path.sh'
[7.449s] INFO:colcon.colcon_core.shell:Skip shell extension 'powershell' for command environment: Not usable outside of PowerShell
[7.449s] DEBUG:colcon.colcon_core.shell:Skip shell extension 'dsv' for command environment
[7.596s] INFO:colcon.colcon_core.task.python.build:Building Python package in '/home/vitor/my_bot_ws/my_bot_ws/src/my_bot_gz'
[7.596s] INFO:colcon.colcon_core.shell:Skip shell extension 'powershell' for command environment: Not usable outside of PowerShell
[7.596s] DEBUG:colcon.colcon_core.shell:Skip shell extension 'dsv' for command environment
[8.020s] DEBUG:colcon.colcon_core.event_handler.log_command:Invoking command in '/home/vitor/my_bot_ws/my_bot_ws/src/my_bot_gz': DEBUGINFOD_URLS=https://debuginfod.ubuntu.com PYTHONPATH=/home/vitor/my_bot_ws/my_bot_ws/build/my_bot_gz/prefix_override:/usr/lib/python3/dist-packages/colcon_core/task/python/colcon_distutils_commands:/home/vitor/my_bot_ws/my_bot_ws/install/my_bot_gz/lib/python3.12/site-packages:${PYTHONPATH} /usr/bin/python3 -W ignore:setup.py install is deprecated -W ignore:easy_install command is deprecated setup.py egg_info --egg-base ../../build/my_bot_gz build --build-base /home/vitor/my_bot_ws/my_bot_ws/build/my_bot_gz/build install --record /home/vitor/my_bot_ws/my_bot_ws/build/my_bot_gz/install.log --single-version-externally-managed install_data
[8.353s] Level 1:colcon.colcon_core.environment:checking '/home/vitor/my_bot_ws/my_bot_ws/install/my_bot_gz' for CMake module files
[8.354s] DEBUG:colcon.colcon_core.event_handler.log_command:Invoked command in '/home/vitor/my_bot_ws/my_bot_ws/src/my_bot_gz' returned '0': DEBUGINFOD_URLS=https://debuginfod.ubuntu.com PYTHONPATH=/home/vitor/my_bot_ws/my_bot_ws/build/my_bot_gz/prefix_override:/usr/lib/python3/dist-packages/colcon_core/task/python/colcon_distutils_commands:/home/vitor/my_bot_ws/my_bot_ws/install/my_bot_gz/lib/python3.12/site-packages:${PYTHONPATH} /usr/bin/python3 -W ignore:setup.py install is deprecated -W ignore:easy_install command is deprecated setup.py egg_info --egg-base ../../build/my_bot_gz build --build-base /home/vitor/my_bot_ws/my_bot_ws/build/my_bot_gz/build install --record /home/vitor/my_bot_ws/my_bot_ws/build/my_bot_gz/install.log --single-version-externally-managed install_data
[8.354s] Level 1:colcon.colcon_core.environment:checking '/home/vitor/my_bot_ws/my_bot_ws/install/my_bot_gz' for CMake config files
[8.354s] Level 1:colcon.colcon_core.environment:checking '/home/vitor/my_bot_ws/my_bot_ws/install/my_bot_gz/lib'
[8.355s] Level 1:colcon.colcon_core.environment:checking '/home/vitor/my_bot_ws/my_bot_ws/install/my_bot_gz/bin'
[8.355s] Level 1:colcon.colcon_core.environment:checking '/home/vitor/my_bot_ws/my_bot_ws/install/my_bot_gz/lib/pkgconfig/my_bot_gz.pc'
[8.355s] Level 1:colcon.colcon_core.environment:checking '/home/vitor/my_bot_ws/my_bot_ws/install/my_bot_gz/lib/python3.12/site-packages'
[8.355s] Level 1:colcon.colcon_core.shell:create_environment_hook('my_bot_gz', 'pythonpath')
[8.355s] INFO:colcon.colcon_core.shell:Creating environment hook '/home/vitor/my_bot_ws/my_bot_ws/install/my_bot_gz/share/my_bot_gz/hook/pythonpath.ps1'
[8.355s] INFO:colcon.colcon_core.shell:Creating environment descriptor '/home/vitor/my_bot_ws/my_bot_ws/install/my_bot_gz/share/my_bot_gz/hook/pythonpath.dsv'
[8.355s] INFO:colcon.colcon_core.shell:Creating environment hook '/home/vitor/my_bot_ws/my_bot_ws/install/my_bot_gz/share/my_bot_gz/hook/pythonpath.sh'
[8.356s] Level 1:colcon.colcon_core.environment:checking '/home/vitor/my_bot_ws/my_bot_ws/install/my_bot_gz/bin'
[8.356s] Level 1:colcon.colcon_core.environment:create_environment_scripts_only(my_bot_gz)
[8.356s] INFO:colcon.colcon_core.shell:Creating package script '/home/vitor/my_bot_ws/my_bot_ws/install/my_bot_gz/share/my_bot_gz/package.ps1'
[8.356s] INFO:colcon.colcon_core.shell:Creating package descriptor '/home/vitor/my_bot_ws/my_bot_ws/install/my_bot_gz/share/my_bot_gz/package.dsv'
[8.356s] INFO:colcon.colcon_core.shell:Creating package script '/home/vitor/my_bot_ws/my_bot_ws/install/my_bot_gz/share/my_bot_gz/package.sh'
[8.356s] INFO:colcon.colcon_core.shell:Creating package script '/home/vitor/my_bot_ws/my_bot_ws/install/my_bot_gz/share/my_bot_gz/package.bash'
[8.357s] INFO:colcon.colcon_core.shell:Creating package script '/home/vitor/my_bot_ws/my_bot_ws/install/my_bot_gz/share/my_bot_gz/package.zsh'
[8.357s] Level 1:colcon.colcon_core.environment:create_file_with_runtime_dependencies(/home/vitor/my_bot_ws/my_bot_ws/install/my_bot_gz/share/colcon-core/packages/my_bot_gz)
[8.357s] DEBUG:colcon.colcon_parallel_executor.executor.parallel:closing loop
[8.357s] DEBUG:colcon.colcon_parallel_executor.executor.parallel:loop closed
[8.357s] DEBUG:colcon.colcon_parallel_executor.executor.parallel:run_until_complete finished with '0'
[8.357s] DEBUG:colcon.colcon_core.event_reactor:joining thread
[8.361s] INFO:colcon.colcon_core.plugin_system:Skipping extension 'colcon_notification.desktop_notification.terminal_notifier': Not used on non-Darwin systems
[8.361s] INFO:colcon.colcon_core.plugin_system:Skipping extension 'colcon_notification.desktop_notification.win32': Not used on non-Windows systems
[8.361s] INFO:colcon.colcon_notification.desktop_notification:Sending desktop notification using 'notify2'
[8.361s] DEBUG:colcon.colcon_notification.desktop_notification.notify2:Failed to initialize notify2: org.freedesktop.DBus.Error.AccessDenied: Failed to connect to socket /run/user/1000/bus: Operation not permitted
[8.361s] DEBUG:colcon.colcon_core.event_reactor:joined thread
[8.361s] INFO:colcon.colcon_core.shell:Creating prefix script '/home/vitor/my_bot_ws/my_bot_ws/install/local_setup.ps1'
[8.361s] INFO:colcon.colcon_core.shell:Creating prefix util module '/home/vitor/my_bot_ws/my_bot_ws/install/_local_setup_util_ps1.py'
[8.362s] INFO:colcon.colcon_core.shell:Creating prefix chain script '/home/vitor/my_bot_ws/my_bot_ws/install/setup.ps1'
[8.363s] INFO:colcon.colcon_core.shell:Creating prefix script '/home/vitor/my_bot_ws/my_bot_ws/install/local_setup.sh'
[8.363s] INFO:colcon.colcon_core.shell:Creating prefix util module '/home/vitor/my_bot_ws/my_bot_ws/install/_local_setup_util_sh.py'
[8.363s] INFO:colcon.colcon_core.shell:Creating prefix chain script '/home/vitor/my_bot_ws/my_bot_ws/install/setup.sh'
[8.364s] INFO:colcon.colcon_core.shell:Creating prefix script '/home/vitor/my_bot_ws/my_bot_ws/install/local_setup.bash'
[8.364s] INFO:colcon.colcon_core.shell:Creating prefix chain script '/home/vitor/my_bot_ws/my_bot_ws/install/setup.bash'
[8.364s] INFO:colcon.colcon_core.shell:Creating prefix script '/home/vitor/my_bot_ws/my_bot_ws/install/local_setup.zsh'
[8.365s] INFO:colcon.colcon_core.shell:Creating prefix chain script '/home/vitor/my_bot_ws/my_bot_ws/install/setup.zsh'
