[0.988s] Invoking command in '/home/vitor/my_bot_ws/my_bot_ws/src/imu_publisher': DEBUGINFOD_URLS=https://debuginfod.ubuntu.com PYTHONPATH=/home/vitor/my_bot_ws/my_bot_ws/build/imu_publisher/prefix_override:/usr/lib/python3/dist-packages/colcon_core/task/python/colcon_distutils_commands:/home/vitor/my_bot_ws/my_bot_ws/install/imu_publisher/lib/python3.12/site-packages:${PYTHONPATH} /usr/bin/python3 -W ignore:setup.py install is deprecated -W ignore:easy_install command is deprecated setup.py egg_info --egg-base ../../build/imu_publisher build --build-base /home/vitor/my_bot_ws/my_bot_ws/build/imu_publisher/build install --record /home/vitor/my_bot_ws/my_bot_ws/build/imu_publisher/install.log --single-version-externally-managed install_data
[1.328s] running egg_info
[1.329s] creating ../../build/imu_publisher/imu_publisher.egg-info
[1.348s] writing ../../build/imu_publisher/imu_publisher.egg-info/PKG-INFO
[1.349s] writing dependency_links to ../../build/imu_publisher/imu_publisher.egg-info/dependency_links.txt
[1.349s] writing requirements to ../../build/imu_publisher/imu_publisher.egg-info/requires.txt
[1.349s] writing top-level names to ../../build/imu_publisher/imu_publisher.egg-info/top_level.txt
[1.349s] writing manifest file '../../build/imu_publisher/imu_publisher.egg-info/SOURCES.txt'
[1.391s] reading manifest file '../../build/imu_publisher/imu_publisher.egg-info/SOURCES.txt'
[1.392s] writing manifest file '../../build/imu_publisher/imu_publisher.egg-info/SOURCES.txt'
[1.393s] running build
[1.393s] running build_py
[1.393s] creating /home/vitor/my_bot_ws/my_bot_ws/build/imu_publisher/build
[1.393s] creating /home/vitor/my_bot_ws/my_bot_ws/build/imu_publisher/build/lib
[1.393s] creating /home/vitor/my_bot_ws/my_bot_ws/build/imu_publisher/build/lib/imu_publisher
[1.394s] copying imu_publisher/__init__.py -> /home/vitor/my_bot_ws/my_bot_ws/build/imu_publisher/build/lib/imu_publisher
[1.394s] running install
[1.401s] running install_lib
[1.422s] creating /home/vitor/my_bot_ws/my_bot_ws/install/imu_publisher/lib/python3.12/site-packages/imu_publisher
[1.422s] copying /home/vitor/my_bot_ws/my_bot_ws/build/imu_publisher/build/lib/imu_publisher/__init__.py -> /home/vitor/my_bot_ws/my_bot_ws/install/imu_publisher/lib/python3.12/site-packages/imu_publisher
[1.422s] byte-compiling /home/vitor/my_bot_ws/my_bot_ws/install/imu_publisher/lib/python3.12/site-packages/imu_publisher/__init__.py to __init__.cpython-312.pyc
[1.422s] running install_data
[1.423s] creating /home/vitor/my_bot_ws/my_bot_ws/install/imu_publisher/share/ament_index
[1.423s] creating /home/vitor/my_bot_ws/my_bot_ws/install/imu_publisher/share/ament_index/resource_index
[1.423s] creating /home/vitor/my_bot_ws/my_bot_ws/install/imu_publisher/share/ament_index/resource_index/packages
[1.424s] copying resource/imu_publisher -> /home/vitor/my_bot_ws/my_bot_ws/install/imu_publisher/share/ament_index/resource_index/packages
[1.424s] copying package.xml -> /home/vitor/my_bot_ws/my_bot_ws/install/imu_publisher/share/imu_publisher
[1.424s] running install_egg_info
[1.445s] Copying ../../build/imu_publisher/imu_publisher.egg-info to /home/vitor/my_bot_ws/my_bot_ws/install/imu_publisher/lib/python3.12/site-packages/imu_publisher-0.0.0-py3.12.egg-info
[1.446s] running install_scripts
[1.590s] writing list of installed files to '/home/vitor/my_bot_ws/my_bot_ws/build/imu_publisher/install.log'
