[0.316s] Invoking command in '/home/vitor/my_bot_ws/my_bot_ws/build/rplidar_ros': DEBUGINFOD_URLS=https://debuginfod.ubuntu.com /usr/bin/cmake /home/vitor/my_bot_ws/my_bot_ws/src/rplidar_ros -DCATKIN_INSTALL_INTO_PREFIX_ROOT=0 -DCMAKE_INSTALL_PREFIX=/home/vitor/my_bot_ws/my_bot_ws/install/rplidar_ros
[0.327s] [0mCMake Deprecation Warning at CMakeLists.txt:1 (cmake_minimum_required):
[0.328s]   Compatibility with CMake < 3.5 will be removed from a future version of
[0.329s]   CMake.
[0.329s] 
[0.329s]   Update the VERSION argument <min> value or use a ...<max> suffix to tell
[0.330s]   CMake that the project does not need compatibility with older versions.
[0.330s] 
[0.330s] [0m
[0.416s] -- The C compiler identification is GNU 13.3.0
[0.521s] -- The CXX compiler identification is GNU 13.3.0
[0.551s] -- Detecting C compiler ABI info
[0.691s] -- Detecting C compiler ABI info - done
[0.714s] -- Check for working C compiler: /usr/bin/cc - skipped
[0.714s] -- Detecting C compile features
[0.715s] -- Detecting C compile features - done
[0.732s] -- Detecting CXX compiler ABI info
[0.896s] -- Detecting CXX compiler ABI info - done
[0.919s] -- Check for working CXX compiler: /usr/bin/c++ - skipped
[0.919s] -- Detecting CXX compile features
[0.920s] -- Detecting CXX compile features - done
[0.949s] [31mCMake Error at CMakeLists.txt:16 (find_package):
[0.949s]   By not providing "Findcatkin.cmake" in CMAKE_MODULE_PATH this project has
[0.949s]   asked CMake to find a package configuration file provided by "catkin", but
[0.949s]   CMake did not find one.
[0.950s] 
[0.950s]   Could not find a package configuration file provided by "catkin" with any
[0.950s]   of the following names:
[0.950s] 
[0.950s]     catkinConfig.cmake
[0.950s]     catkin-config.cmake
[0.951s] 
[0.951s]   Add the installation prefix of "catkin" to CMAKE_PREFIX_PATH or set
[0.951s]   "catkin_DIR" to a directory containing one of the above files.  If "catkin"
[0.951s]   provides a separate development package or SDK, be sure it has been
[0.951s]   installed.
[0.951s] 
[0.952s] [0m
[0.952s] -- Configuring incomplete, errors occurred!
[0.953s] Invoked command in '/home/vitor/my_bot_ws/my_bot_ws/build/rplidar_ros' returned '1': DEBUGINFOD_URLS=https://debuginfod.ubuntu.com /usr/bin/cmake /home/vitor/my_bot_ws/my_bot_ws/src/rplidar_ros -DCATKIN_INSTALL_INTO_PREFIX_ROOT=0 -DCMAKE_INSTALL_PREFIX=/home/vitor/my_bot_ws/my_bot_ws/install/rplidar_ros
