-- Install configuration: ""
-- Up-to-date: /home/vitor/my_bot_ws/my_bot_ws/install/yahboom_rosmaster_localization/share/yahboom_rosmaster_localization/config
-- Up-to-date: /home/vitor/my_bot_ws/my_bot_ws/install/yahboom_rosmaster_localization/share/yahboom_rosmaster_localization/config/ekf.yaml
-- Up-to-date: /home/vitor/my_bot_ws/my_bot_ws/install/yahboom_rosmaster_localization/share/yahboom_rosmaster_localization/launch
-- Up-to-date: /home/vitor/my_bot_ws/my_bot_ws/install/yahboom_rosmaster_localization/share/yahboom_rosmaster_localization/launch/__pycache__
-- Up-to-date: /home/vitor/my_bot_ws/my_bot_ws/install/yahboom_rosmaster_localization/share/yahboom_rosmaster_localization/launch/__pycache__/ekf_gazebo.launch.cpython-312.pyc
-- Up-to-date: /home/vitor/my_bot_ws/my_bot_ws/install/yahboom_rosmaster_localization/share/yahboom_rosmaster_localization/launch/ekf_gazebo.launch.py
-- Up-to-date: /home/vitor/my_bot_ws/my_bot_ws/install/yahboom_rosmaster_localization/share/ament_index/resource_index/package_run_dependencies/yahboom_rosmaster_localization
-- Up-to-date: /home/vitor/my_bot_ws/my_bot_ws/install/yahboom_rosmaster_localization/share/ament_index/resource_index/parent_prefix_path/yahboom_rosmaster_localization
-- Up-to-date: /home/vitor/my_bot_ws/my_bot_ws/install/yahboom_rosmaster_localization/share/yahboom_rosmaster_localization/environment/ament_prefix_path.sh
-- Up-to-date: /home/vitor/my_bot_ws/my_bot_ws/install/yahboom_rosmaster_localization/share/yahboom_rosmaster_localization/environment/ament_prefix_path.dsv
-- Up-to-date: /home/vitor/my_bot_ws/my_bot_ws/install/yahboom_rosmaster_localization/share/yahboom_rosmaster_localization/environment/path.sh
-- Up-to-date: /home/vitor/my_bot_ws/my_bot_ws/install/yahboom_rosmaster_localization/share/yahboom_rosmaster_localization/environment/path.dsv
-- Up-to-date: /home/vitor/my_bot_ws/my_bot_ws/install/yahboom_rosmaster_localization/share/yahboom_rosmaster_localization/local_setup.bash
-- Up-to-date: /home/vitor/my_bot_ws/my_bot_ws/install/yahboom_rosmaster_localization/share/yahboom_rosmaster_localization/local_setup.sh
-- Up-to-date: /home/vitor/my_bot_ws/my_bot_ws/install/yahboom_rosmaster_localization/share/yahboom_rosmaster_localization/local_setup.zsh
-- Up-to-date: /home/vitor/my_bot_ws/my_bot_ws/install/yahboom_rosmaster_localization/share/yahboom_rosmaster_localization/local_setup.dsv
-- Installing: /home/vitor/my_bot_ws/my_bot_ws/install/yahboom_rosmaster_localization/share/yahboom_rosmaster_localization/package.dsv
-- Up-to-date: /home/vitor/my_bot_ws/my_bot_ws/install/yahboom_rosmaster_localization/share/ament_index/resource_index/packages/yahboom_rosmaster_localization
-- Up-to-date: /home/vitor/my_bot_ws/my_bot_ws/install/yahboom_rosmaster_localization/share/yahboom_rosmaster_localization/cmake/yahboom_rosmaster_localizationConfig.cmake
-- Up-to-date: /home/vitor/my_bot_ws/my_bot_ws/install/yahboom_rosmaster_localization/share/yahboom_rosmaster_localization/cmake/yahboom_rosmaster_localizationConfig-version.cmake
-- Up-to-date: /home/vitor/my_bot_ws/my_bot_ws/install/yahboom_rosmaster_localization/share/yahboom_rosmaster_localization/package.xml
