[0.164s] Invoking command in '/home/vitor/my_bot_ws/my_bot_ws/build/yahboom_rosmaster_localization': CMAKE_PREFIX_PATH=${CMAKE_PREFIX_PATH}:/home/vitor/ISR/perception/ros2ws/install/chatrex_ros2_interface:/home/vitor/ISR/perception/ros2ws/install/chatrex_package:/opt/ros/jazzy DEBUGINFOD_URLS=https://debuginfod.ubuntu.com /usr/bin/cmake --build /home/vitor/my_bot_ws/my_bot_ws/build/yahboom_rosmaster_localization -- -j16 -l16
[0.364s] Invoked command in '/home/vitor/my_bot_ws/my_bot_ws/build/yahboom_rosmaster_localization' returned '0': CMAKE_PREFIX_PATH=${CMAKE_PREFIX_PATH}:/home/vitor/ISR/perception/ros2ws/install/chatrex_ros2_interface:/home/vitor/ISR/perception/ros2ws/install/chatrex_package:/opt/ros/jazzy DEBUGINFOD_URLS=https://debuginfod.ubuntu.com /usr/bin/cmake --build /home/vitor/my_bot_ws/my_bot_ws/build/yahboom_rosmaster_localization -- -j16 -l16
[0.365s] Invoking command in '/home/vitor/my_bot_ws/my_bot_ws/build/yahboom_rosmaster_localization': CMAKE_PREFIX_PATH=${CMAKE_PREFIX_PATH}:/home/vitor/ISR/perception/ros2ws/install/chatrex_ros2_interface:/home/vitor/ISR/perception/ros2ws/install/chatrex_package:/opt/ros/jazzy DEBUGINFOD_URLS=https://debuginfod.ubuntu.com /usr/bin/cmake --install /home/vitor/my_bot_ws/my_bot_ws/build/yahboom_rosmaster_localization
[0.374s] -- Install configuration: ""
[0.374s] -- Up-to-date: /home/vitor/my_bot_ws/my_bot_ws/install/yahboom_rosmaster_localization/share/yahboom_rosmaster_localization/config
[0.374s] -- Up-to-date: /home/vitor/my_bot_ws/my_bot_ws/install/yahboom_rosmaster_localization/share/yahboom_rosmaster_localization/config/ekf.yaml
[0.374s] -- Up-to-date: /home/vitor/my_bot_ws/my_bot_ws/install/yahboom_rosmaster_localization/share/yahboom_rosmaster_localization/launch
[0.374s] -- Up-to-date: /home/vitor/my_bot_ws/my_bot_ws/install/yahboom_rosmaster_localization/share/yahboom_rosmaster_localization/launch/__pycache__
[0.374s] -- Up-to-date: /home/vitor/my_bot_ws/my_bot_ws/install/yahboom_rosmaster_localization/share/yahboom_rosmaster_localization/launch/__pycache__/ekf_gazebo.launch.cpython-312.pyc
[0.374s] -- Up-to-date: /home/vitor/my_bot_ws/my_bot_ws/install/yahboom_rosmaster_localization/share/yahboom_rosmaster_localization/launch/ekf_gazebo.launch.py
[0.374s] -- Up-to-date: /home/vitor/my_bot_ws/my_bot_ws/install/yahboom_rosmaster_localization/share/ament_index/resource_index/package_run_dependencies/yahboom_rosmaster_localization
[0.374s] -- Up-to-date: /home/vitor/my_bot_ws/my_bot_ws/install/yahboom_rosmaster_localization/share/ament_index/resource_index/parent_prefix_path/yahboom_rosmaster_localization
[0.374s] -- Up-to-date: /home/vitor/my_bot_ws/my_bot_ws/install/yahboom_rosmaster_localization/share/yahboom_rosmaster_localization/environment/ament_prefix_path.sh
[0.374s] -- Up-to-date: /home/vitor/my_bot_ws/my_bot_ws/install/yahboom_rosmaster_localization/share/yahboom_rosmaster_localization/environment/ament_prefix_path.dsv
[0.374s] -- Up-to-date: /home/vitor/my_bot_ws/my_bot_ws/install/yahboom_rosmaster_localization/share/yahboom_rosmaster_localization/environment/path.sh
[0.374s] -- Up-to-date: /home/vitor/my_bot_ws/my_bot_ws/install/yahboom_rosmaster_localization/share/yahboom_rosmaster_localization/environment/path.dsv
[0.374s] -- Up-to-date: /home/vitor/my_bot_ws/my_bot_ws/install/yahboom_rosmaster_localization/share/yahboom_rosmaster_localization/local_setup.bash
[0.374s] -- Up-to-date: /home/vitor/my_bot_ws/my_bot_ws/install/yahboom_rosmaster_localization/share/yahboom_rosmaster_localization/local_setup.sh
[0.374s] -- Up-to-date: /home/vitor/my_bot_ws/my_bot_ws/install/yahboom_rosmaster_localization/share/yahboom_rosmaster_localization/local_setup.zsh
[0.374s] -- Up-to-date: /home/vitor/my_bot_ws/my_bot_ws/install/yahboom_rosmaster_localization/share/yahboom_rosmaster_localization/local_setup.dsv
[0.374s] -- Installing: /home/vitor/my_bot_ws/my_bot_ws/install/yahboom_rosmaster_localization/share/yahboom_rosmaster_localization/package.dsv
[0.375s] -- Up-to-date: /home/vitor/my_bot_ws/my_bot_ws/install/yahboom_rosmaster_localization/share/ament_index/resource_index/packages/yahboom_rosmaster_localization
[0.375s] -- Up-to-date: /home/vitor/my_bot_ws/my_bot_ws/install/yahboom_rosmaster_localization/share/yahboom_rosmaster_localization/cmake/yahboom_rosmaster_localizationConfig.cmake
[0.375s] -- Up-to-date: /home/vitor/my_bot_ws/my_bot_ws/install/yahboom_rosmaster_localization/share/yahboom_rosmaster_localization/cmake/yahboom_rosmaster_localizationConfig-version.cmake
[0.375s] -- Up-to-date: /home/vitor/my_bot_ws/my_bot_ws/install/yahboom_rosmaster_localization/share/yahboom_rosmaster_localization/package.xml
[0.376s] Invoked command in '/home/vitor/my_bot_ws/my_bot_ws/build/yahboom_rosmaster_localization' returned '0': CMAKE_PREFIX_PATH=${CMAKE_PREFIX_PATH}:/home/vitor/ISR/perception/ros2ws/install/chatrex_ros2_interface:/home/vitor/ISR/perception/ros2ws/install/chatrex_package:/opt/ros/jazzy DEBUGINFOD_URLS=https://debuginfod.ubuntu.com /usr/bin/cmake --install /home/vitor/my_bot_ws/my_bot_ws/build/yahboom_rosmaster_localization
