[0.316s] Invoking command in '/home/vitor/my_bot_ws/my_bot_ws/build/yahboom_rosmaster_localization': CMAKE_PREFIX_PATH=${CMAKE_PREFIX_PATH}:/home/vitor/ISR/perception/ros2ws/install/chatrex_ros2_interface:/home/vitor/ISR/perception/ros2ws/install/chatrex_package:/opt/ros/jazzy DEBUGINFOD_URLS=https://debuginfod.ubuntu.com /usr/bin/cmake /home/vitor/my_bot_ws/my_bot_ws/src/localization/yahboom_rosmaster_localization -DCMAKE_INSTALL_PREFIX=/home/vitor/my_bot_ws/my_bot_ws/install/yahboom_rosmaster_localization
[0.406s] -- The C compiler identification is GNU 13.3.0
[0.499s] -- The CXX compiler identification is GNU 13.3.0
[0.524s] -- Detecting C compiler ABI info
[0.657s] -- Detecting C compiler ABI info - done
[0.669s] -- Check for working C compiler: /usr/bin/cc - skipped
[0.669s] -- Detecting C compile features
[0.670s] -- Detecting C compile features - done
[0.683s] -- Detecting CXX compiler ABI info
[0.807s] -- Detecting CXX compiler ABI info - done
[0.822s] -- Check for working CXX compiler: /usr/bin/c++ - skipped
[0.822s] -- Detecting CXX compile features
[0.823s] -- Detecting CXX compile features - done
[0.828s] -- Found ament_cmake: 2.5.4 (/opt/ros/jazzy/share/ament_cmake/cmake)
[1.055s] -- Found Python3: /usr/bin/python3 (found version "3.12.3") found components: Interpreter 
[1.246s] -- Found robot_localization: 3.8.3 (/opt/ros/jazzy/share/robot_localization/cmake)
[1.338s] -- Found rosidl_generator_c: 4.6.6 (/opt/ros/jazzy/share/rosidl_generator_c/cmake)
[1.366s] -- Found rosidl_generator_cpp: 4.6.6 (/opt/ros/jazzy/share/rosidl_generator_cpp/cmake)
[1.397s] -- Using all available rosidl_typesupport_c: rosidl_typesupport_fastrtps_c;rosidl_typesupport_introspection_c
[1.426s] -- Using all available rosidl_typesupport_cpp: rosidl_typesupport_fastrtps_cpp;rosidl_typesupport_introspection_cpp
[1.675s] -- Found ament_lint_auto: 0.17.3 (/opt/ros/jazzy/share/ament_lint_auto/cmake)
[1.877s] -- Added test 'flake8' to check Python code syntax and style conventions
[1.878s] -- Configured 'flake8' exclude dirs and/or files: 
[1.879s] -- Added test 'lint_cmake' to check CMake code style
[1.880s] -- Added test 'pep257' to check Python code against some of the docstring style conventions in PEP 257
[1.881s] -- Added test 'xmllint' to check XML markup files
[1.883s] -- Configuring done (1.5s)
[1.888s] -- Generating done (0.0s)
[1.891s] -- Build files have been written to: /home/vitor/my_bot_ws/my_bot_ws/build/yahboom_rosmaster_localization
