running egg_info
writing ../../build/my_bot_gz/my_bot_gz.egg-info/PKG-INFO
writing dependency_links to ../../build/my_bot_gz/my_bot_gz.egg-info/dependency_links.txt
writing entry points to ../../build/my_bot_gz/my_bot_gz.egg-info/entry_points.txt
writing requirements to ../../build/my_bot_gz/my_bot_gz.egg-info/requires.txt
writing top-level names to ../../build/my_bot_gz/my_bot_gz.egg-info/top_level.txt
reading manifest file '../../build/my_bot_gz/my_bot_gz.egg-info/SOURCES.txt'
writing manifest file '../../build/my_bot_gz/my_bot_gz.egg-info/SOURCES.txt'
running build
running build_py
running install
running install_lib
running install_data
copying launch/sim.launch.py -> /home/vitor/my_bot_ws/my_bot_ws/install/my_bot_gz/share/my_bot_gz/launch
running install_egg_info
removing '/home/vitor/my_bot_ws/my_bot_ws/install/my_bot_gz/lib/python3.12/site-packages/my_bot_gz-0.0.0-py3.12.egg-info' (and everything under it)
Copying ../../build/my_bot_gz/my_bot_gz.egg-info to /home/vitor/my_bot_ws/my_bot_ws/install/my_bot_gz/lib/python3.12/site-packages/my_bot_gz-0.0.0-py3.12.egg-info
running install_scripts
Installing encoder_angles_sim script to /home/vitor/my_bot_ws/my_bot_ws/install/my_bot_gz/lib/my_bot_gz
writing list of installed files to '/home/vitor/my_bot_ws/my_bot_ws/build/my_bot_gz/install.log'
