[0.501s] Invoking command in '/home/vitor/my_bot_ws/my_bot_ws/src/my_bot_gz': DEBUGINFOD_URLS=https://debuginfod.ubuntu.com PYTHONPATH=/home/vitor/my_bot_ws/my_bot_ws/build/my_bot_gz/prefix_override:/usr/lib/python3/dist-packages/colcon_core/task/python/colcon_distutils_commands:/home/vitor/my_bot_ws/my_bot_ws/install/my_bot_gz/lib/python3.12/site-packages:${PYTHONPATH} /usr/bin/python3 -W ignore:setup.py install is deprecated -W ignore:easy_install command is deprecated setup.py egg_info --egg-base ../../build/my_bot_gz build --build-base /home/vitor/my_bot_ws/my_bot_ws/build/my_bot_gz/build install --record /home/vitor/my_bot_ws/my_bot_ws/build/my_bot_gz/install.log --single-version-externally-managed install_data
[0.666s] running egg_info
[0.677s] writing ../../build/my_bot_gz/my_bot_gz.egg-info/PKG-INFO
[0.677s] writing dependency_links to ../../build/my_bot_gz/my_bot_gz.egg-info/dependency_links.txt
[0.677s] writing entry points to ../../build/my_bot_gz/my_bot_gz.egg-info/entry_points.txt
[0.677s] writing requirements to ../../build/my_bot_gz/my_bot_gz.egg-info/requires.txt
[0.678s] writing top-level names to ../../build/my_bot_gz/my_bot_gz.egg-info/top_level.txt
[0.701s] reading manifest file '../../build/my_bot_gz/my_bot_gz.egg-info/SOURCES.txt'
[0.701s] writing manifest file '../../build/my_bot_gz/my_bot_gz.egg-info/SOURCES.txt'
[0.701s] running build
[0.701s] running build_py
[0.701s] running install
[0.705s] running install_lib
[0.717s] running install_data
[0.717s] copying launch/sim.launch.py -> /home/vitor/my_bot_ws/my_bot_ws/install/my_bot_gz/share/my_bot_gz/launch
[0.717s] running install_egg_info
[0.730s] removing '/home/vitor/my_bot_ws/my_bot_ws/install/my_bot_gz/lib/python3.12/site-packages/my_bot_gz-0.0.0-py3.12.egg-info' (and everything under it)
[0.730s] Copying ../../build/my_bot_gz/my_bot_gz.egg-info to /home/vitor/my_bot_ws/my_bot_ws/install/my_bot_gz/lib/python3.12/site-packages/my_bot_gz-0.0.0-py3.12.egg-info
[0.730s] running install_scripts
[0.808s] Installing encoder_angles_sim script to /home/vitor/my_bot_ws/my_bot_ws/install/my_bot_gz/lib/my_bot_gz
[0.808s] writing list of installed files to '/home/vitor/my_bot_ws/my_bot_ws/build/my_bot_gz/install.log'
[0.827s] Invoked command in '/home/vitor/my_bot_ws/my_bot_ws/src/my_bot_gz' returned '0': DEBUGINFOD_URLS=https://debuginfod.ubuntu.com PYTHONPATH=/home/vitor/my_bot_ws/my_bot_ws/build/my_bot_gz/prefix_override:/usr/lib/python3/dist-packages/colcon_core/task/python/colcon_distutils_commands:/home/vitor/my_bot_ws/my_bot_ws/install/my_bot_gz/lib/python3.12/site-packages:${PYTHONPATH} /usr/bin/python3 -W ignore:setup.py install is deprecated -W ignore:easy_install command is deprecated setup.py egg_info --egg-base ../../build/my_bot_gz build --build-base /home/vitor/my_bot_ws/my_bot_ws/build/my_bot_gz/build install --record /home/vitor/my_bot_ws/my_bot_ws/build/my_bot_gz/install.log --single-version-externally-managed install_data
